2026-09-05 05:16:29,438 - INFO - Bo cuc IoT: 'federated_data' -> '100client'
2026-09-05 05:16:43,314 - INFO - Ho so bo du lieu: iot | 34 lop | 6 task [6, 6, 6, 6, 5, 5] | 33 dac trung (do tu client_0_task_1.pt) | remap nhan theo task_mapping_label_ids.json | dong bo 6 bien qua cac module
2026-09-05 05:16:43,866 - INFO - GPU cho moi actor: 0.5 (2 GPU / 4 CPU)
2026-09-05 05:16:43,866 - INFO - Thiet bi: cuda | pool 100 client | 30 round/task | Flower simulation (Ray)
2026-09-05 05:16:43,866 - INFO - Client co du lieu tung task: task0=47
2026-09-05 05:16:44,140 - INFO - Nap global test: /kaggle/input/datasets/tongxuanvu/iot100client/100client/global_test_data.pt
2026-09-05 05:16:45,259 - INFO - Global test goc: n=14002687
2026-09-05 05:16:45,959 - INFO - Task 0: loc ve lop 0-5 -> n=3963952
2026-09-05 05:16:45,959 - INFO - Danh gia moi round tren n=3963952 mau (dtype=float32)
2026-09-05 05:16:46,022 - INFO - Client 0 (task=0): n=199476 | classes={1: 31206, 2: 453, 3: 141764, 4: 5016, 5: 21037}
2026-09-05 05:16:46,154 - INFO - Client 1 (task=0): n=144412 | classes={0: 115029, 1: 16636, 4: 1360, 5: 11387}
2026-09-05 05:16:46,347 - INFO - Client 2 (task=0): n=177571 | classes={0: 162790, 1: 11874, 4: 2907}
2026-09-05 05:16:46,895 - INFO - Client 3 (task=0): n=577543 | classes={0: 560031, 1: 15379, 4: 2133}
2026-09-05 05:16:47,017 - INFO - Client 4 (task=0): n=86060 | classes={1: 74262, 4: 3568, 5: 8230}
2026-09-05 05:16:47,659 - INFO - Client 5 (task=0): n=596814 | classes={0: 560031, 1: 36783}
2026-09-05 05:16:47,969 - INFO - Client 6 (task=0): n=281714 | classes={2: 461, 3: 273892, 4: 2502, 5: 4859}
2026-09-05 05:16:48,199 - INFO - Client 7 (task=0): n=217758 | classes={0: 86092, 3: 131666}
2026-09-05 05:16:48,377 - INFO - Client 8 (task=0): n=130889 | classes={2: 239, 3: 115347, 4: 5528, 5: 9775}
2026-09-05 05:16:48,426 - INFO - Client 9 (task=0): n=36942 | classes={1: 35811, 2: 169, 4: 962}
2026-09-05 05:16:48,461 - INFO - Client 10 (task=0): n=21037 | classes={5: 21037}
2026-09-05 05:16:48,522 - INFO - Client 11 (task=0): n=24281 | classes={2: 270, 4: 3800, 5: 20211}
2026-09-05 05:16:48,676 - INFO - Client 12 (task=0): n=118960 | classes={1: 39790, 2: 430, 3: 50160, 4: 7549, 5: 21031}
2026-09-05 05:16:48,801 - INFO - Client 13 (task=0): n=122016 | classes={0: 76342, 3: 45674}
2026-09-05 05:16:48,833 - INFO - Client 15 (task=0): n=15775 | classes={5: 15775}
2026-09-05 05:16:49,090 - INFO - Client 16 (task=0): n=253878 | classes={1: 80970, 3: 167681, 5: 5227}
2026-09-05 05:16:49,313 - INFO - Client 17 (task=0): n=219229 | classes={0: 201159, 1: 7107, 4: 622, 5: 10341}
2026-09-05 05:16:49,394 - INFO - Client 18 (task=0): n=33626 | classes={1: 32259, 4: 1367}
2026-09-05 05:16:49,961 - INFO - Client 19 (task=0): n=560031 | classes={0: 560031}
2026-09-05 05:16:50,050 - INFO - Client 20 (task=0): n=59152 | classes={3: 57387, 4: 1765}
2026-09-05 05:16:50,560 - INFO - Client 21 (task=0): n=501546 | classes={0: 223494, 1: 80970, 3: 197082}
2026-09-05 05:16:51,266 - INFO - Client 22 (task=0): n=622096 | classes={0: 560031, 1: 58844, 5: 3221}
2026-09-05 05:16:51,423 - INFO - Client 23 (task=0): n=151986 | classes={0: 151986}
2026-09-05 05:16:51,712 - INFO - Client 24 (task=0): n=274150 | classes={2: 258, 3: 273892}
2026-09-05 05:16:52,012 - INFO - Client 25 (task=0): n=309246 | classes={0: 186742, 1: 19409, 2: 197, 3: 95349, 4: 7549}
2026-09-05 05:16:52,378 - INFO - Client 26 (task=0): n=386335 | classes={0: 384609, 5: 1726}
2026-09-05 05:16:52,846 - INFO - Client 27 (task=0): n=486155 | classes={0: 160880, 1: 46852, 2: 194, 3: 273892, 4: 4337}
2026-09-05 05:16:53,165 - INFO - Client 28 (task=0): n=321139 | classes={1: 80970, 3: 232620, 4: 7549}
2026-09-05 05:16:53,556 - INFO - Client 30 (task=0): n=407816 | classes={0: 397981, 1: 9835}
2026-09-05 05:16:53,588 - INFO - Client 32 (task=0): n=6864 | classes={5: 6864}
2026-09-05 05:16:53,891 - INFO - Client 33 (task=0): n=329038 | classes={0: 318669, 1: 9287, 4: 1082}
2026-09-05 05:16:53,983 - INFO - Client 34 (task=0): n=68074 | classes={3: 57008, 4: 3157, 5: 7909}
2026-09-05 05:16:54,016 - INFO - Client 35 (task=0): n=20246 | classes={4: 5422, 5: 14824}
2026-09-05 05:16:54,025 - INFO - Client 36 (task=0): n=2853 | classes={2: 114, 4: 2739}
2026-09-05 05:16:54,033 - INFO - Client 37 (task=0): n=2221 | classes={2: 128, 4: 2093}
2026-09-05 05:16:54,389 - INFO - Client 38 (task=0): n=364721 | classes={0: 187139, 3: 177582}
2026-09-05 05:16:54,414 - INFO - Client 39 (task=0): n=6497 | classes={5: 6497}
2026-09-05 05:16:54,420 - INFO - Client 40 (task=0): n=49 | classes={2: 49}
2026-09-05 05:16:54,563 - INFO - Client 41 (task=0): n=135301 | classes={1: 80970, 3: 54331}
2026-09-05 05:16:54,640 - INFO - Client 42 (task=0): n=72933 | classes={3: 65584, 4: 7349}
2026-09-05 05:16:54,878 - INFO - Client 43 (task=0): n=257936 | classes={0: 147242, 3: 110694}
2026-09-05 05:16:54,910 - INFO - Client 44 (task=0): n=16115 | classes={2: 245, 3: 15870}
2026-09-05 05:16:54,923 - INFO - Client 45 (task=0): n=5374 | classes={5: 5374}
2026-09-05 05:16:55,095 - INFO - Client 46 (task=0): n=169758 | classes={2: 259, 3: 162317, 4: 7182}
2026-09-05 05:16:55,202 - INFO - Client 47 (task=0): n=104806 | classes={2: 126, 3: 95026, 4: 5135, 5: 4519}
2026-09-05 05:16:55,292 - INFO - Client 48 (task=0): n=81137 | classes={2: 94, 3: 81043}
2026-09-05 05:16:55,555 - INFO - Client 49 (task=0): n=275576 | classes={3: 273892, 4: 1684}
2026-09-05 05:16:55,560 - INFO - Nhanh physics: 47 client, 9257132 mau (tran nap/client=khong, tran dung cay/client=500000), 15 dac trung, 20 vong boosting
2026-09-05 07:53:00,880 - INFO - Luu nhanh physics -> /kaggle/working/results_vanfed_iot_full_task0/physics_branch_task0.pkl
2026-09-05 07:53:00,882 - INFO - ===== Task 0: 47 client, 30 round =====
2026-09-05 07:53:02,927 - INFO - setup plugin alembic.autogenerate.schemas
2026-09-05 07:53:02,927 - INFO - setup plugin alembic.autogenerate.tables
2026-09-05 07:53:02,927 - INFO - setup plugin alembic.autogenerate.types
2026-09-05 07:53:02,927 - INFO - setup plugin alembic.autogenerate.constraints
2026-09-05 07:53:02,927 - INFO - setup plugin alembic.autogenerate.defaults
2026-09-05 07:53:02,927 - INFO - setup plugin alembic.autogenerate.comments
2026-09-05 07:53:18,109 - WARNING - DEPRECATED FEATURE: flwr.simulation.start_simulation() is deprecated.
	Instead, use the `flwr run` CLI command to start a local simulation in your Flower app, as shown for example below:

		$ flwr new  # Create a new Flower app from a template

		$ flwr run  # Run the Flower app in Simulation Mode

	Using `start_simulation()` is deprecated.

            This is a deprecated feature. It will be removed
            entirely in future versions of Flower.
        
2026-09-05 07:53:18,110 - INFO - Starting Flower simulation, config: num_rounds=30, no round_timeout
2026-09-05 07:53:27,848 - INFO - Flower VCE: Ray initialized with resources: {'accelerator_type:T4': 1.0, 'CPU': 4.0, 'object_store_memory': 8827396915.0, 'GPU': 2.0, 'node:172.19.2.2': 1.0, 'memory': 20597259469.0, 'node:__internal_head__': 1.0}
2026-09-05 07:53:27,848 - INFO - Optimize your simulation with Flower VCE: https://flower.ai/docs/framework/how-to-run-simulations.html
2026-09-05 07:53:27,848 - INFO - Flower VCE: Resources for each Virtual Client: {'num_cpus': 1.0, 'num_gpus': 0.5}
2026-09-05 07:53:27,880 - INFO - Flower VCE: Creating VirtualClientEngineActorPool with 4 actors
2026-09-05 07:53:27,880 - INFO - [INIT]
2026-09-05 07:53:27,880 - INFO - Using initial global parameters provided by strategy
2026-09-05 07:53:27,880 - INFO - Starting evaluation of initial global parameters
2026-09-05 07:53:27,887 - INFO - Evaluation returned no results (`None`)
2026-09-05 07:53:27,887 - INFO - 
2026-09-05 07:53:27,887 - INFO - [ROUND 1]
2026-09-05 07:53:27,888 - INFO - configure_fit: strategy sampled 47 clients (out of 47)
2026-09-05 07:54:50,546 - INFO - aggregate_fit: received 47 results and 0 failures
2026-09-05 07:54:50,620 - WARNING - No fit_metrics_aggregation_fn provided
2026-09-05 07:54:50,620 - INFO - [Round 1] tong hop 47 client (9257132 mau), train_loss=0.2092
2026-09-05 07:54:50,627 - INFO - [Round 1] luu checkpoint -> /kaggle/working/results_vanfed_iot_full_task0/checkpoints/round_001.pth
2026-09-05 07:56:25,836 - INFO - [Round 1] loss=1.4772 acc=0.9869 | micro P/R/F1=0.9869/0.9869/0.9869 | macro P/R/F1=0.7302/0.7213/0.7252 | weighted P/R/F1=0.9861/0.9869/0.9864
2026-09-05 07:56:25,836 - INFO - fit progress: (1, 1.4771758354892415, {'accuracy': 0.9868638671709445, 'micro_precision': 0.9868638671709445, 'micro_recall': 0.9868638671709445, 'micro_f1': 0.9868638671709445, 'macro_precision': 0.7302469802257875, 'macro_recall': 0.7212582539773288, 'macro_f1': 0.7252323872909571, 'weighted_precision': 0.9861004662271246, 'weighted_recall': 0.9868638671709445, 'weighted_f1': 0.9864435740699863}, 177.9491397640013)
2026-09-05 07:56:25,836 - INFO - configure_evaluate: no clients selected, skipping evaluation
2026-09-05 07:56:25,836 - INFO - 
2026-09-05 07:56:25,836 - INFO - [ROUND 2]
2026-09-05 07:56:25,837 - INFO - configure_fit: strategy sampled 47 clients (out of 47)
2026-09-05 07:57:18,534 - INFO - aggregate_fit: received 47 results and 0 failures
2026-09-05 07:57:18,608 - INFO - [Round 2] tong hop 47 client (9257132 mau), train_loss=0.0729
2026-09-05 07:57:18,612 - INFO - [Round 2] luu checkpoint -> /kaggle/working/results_vanfed_iot_full_task0/checkpoints/round_002.pth
2026-09-05 07:58:53,459 - INFO - [Round 2] loss=0.5570 acc=0.9870 | micro P/R/F1=0.9870/0.9870/0.9870 | macro P/R/F1=0.7312/0.7226/0.7264 | weighted P/R/F1=0.9863/0.9870/0.9866
2026-09-05 07:58:53,460 - INFO - fit progress: (2, 0.5570217285397624, {'accuracy': 0.9870066539655374, 'micro_precision': 0.9870066539655374, 'micro_recall': 0.9870066539655374, 'micro_f1': 0.9870066539655374, 'macro_precision': 0.7311581917375025, 'macro_recall': 0.7226075408218979, 'macro_f1': 0.7264032987976833, 'weighted_precision': 0.986286076807774, 'weighted_recall': 0.9870066539655374, 'weighted_f1': 0.9866101433258021}, 325.5727352290014)
2026-09-05 07:58:53,460 - INFO - configure_evaluate: no clients selected, skipping evaluation
2026-09-05 07:58:53,460 - INFO - 
2026-09-05 07:58:53,460 - INFO - [ROUND 3]
2026-09-05 07:58:53,460 - INFO - configure_fit: strategy sampled 47 clients (out of 47)
2026-09-05 07:59:46,902 - INFO - aggregate_fit: received 47 results and 0 failures
2026-09-05 07:59:46,980 - INFO - [Round 3] tong hop 47 client (9257132 mau), train_loss=0.0651
2026-09-05 07:59:46,985 - INFO - [Round 3] luu checkpoint -> /kaggle/working/results_vanfed_iot_full_task0/checkpoints/round_003.pth
2026-09-05 08:01:21,341 - INFO - [Round 3] loss=0.2963 acc=0.9873 | micro P/R/F1=0.9873/0.9873/0.9873 | macro P/R/F1=0.7346/0.7270/0.7304 | weighted P/R/F1=0.9867/0.9873/0.9870
2026-09-05 08:01:21,341 - INFO - fit progress: (3, 0.29631585911039476, {'accuracy': 0.9873184639975459, 'micro_precision': 0.9873184639975459, 'micro_recall': 0.9873184639975459, 'micro_f1': 0.9873184639975459, 'macro_precision': 0.7345952912362352, 'macro_recall': 0.727025214440114, 'macro_f1': 0.7304487784786807, 'weighted_precision': 0.986713827853619, 'weighted_recall': 0.9873184639975459, 'weighted_f1': 0.9869888435400082}, 473.45422452800085)
2026-09-05 08:01:21,341 - INFO - configure_evaluate: no clients selected, skipping evaluation
2026-09-05 08:01:21,342 - INFO - 
2026-09-05 08:01:21,342 - INFO - [ROUND 4]
2026-09-05 08:01:21,342 - INFO - configure_fit: strategy sampled 47 clients (out of 47)
2026-09-05 08:02:15,350 - INFO - aggregate_fit: received 47 results and 0 failures
2026-09-05 08:02:15,427 - INFO - [Round 4] tong hop 47 client (9257132 mau), train_loss=0.0667
2026-09-05 08:02:15,432 - INFO - [Round 4] luu checkpoint -> /kaggle/working/results_vanfed_iot_full_task0/checkpoints/round_004.pth
2026-09-05 08:03:50,483 - INFO - [Round 4] loss=0.2351 acc=0.9874 | micro P/R/F1=0.9874/0.9874/0.9874 | macro P/R/F1=0.7358/0.7287/0.7319 | weighted P/R/F1=0.9869/0.9874/0.9871
2026-09-05 08:03:50,483 - INFO - fit progress: (4, 0.2350862068085631, {'accuracy': 0.9874249234097688, 'micro_precision': 0.9874249234097688, 'micro_recall': 0.9874249234097688, 'micro_f1': 0.9874249234097688, 'macro_precision': 0.7357799895011468, 'macro_recall': 0.7287232318903066, 'macro_f1': 0.731939257434966, 'weighted_precision': 0.9868679890272306, 'weighted_recall': 0.9874249234097688, 'weighted_f1': 0.9871228806308185}, 622.5963195889999)
2026-09-05 08:03:50,484 - INFO - configure_evaluate: no clients selected, skipping evaluation
2026-09-05 08:03:50,484 - INFO - 
2026-09-05 08:03:50,484 - INFO - [ROUND 5]
2026-09-05 08:03:50,484 - INFO - configure_fit: strategy sampled 47 clients (out of 47)
2026-09-05 08:04:45,050 - INFO - aggregate_fit: received 47 results and 0 failures
2026-09-05 08:04:45,124 - INFO - [Round 5] tong hop 47 client (9257132 mau), train_loss=0.0695
2026-09-05 08:04:45,129 - INFO - [Round 5] luu checkpoint -> /kaggle/working/results_vanfed_iot_full_task0/checkpoints/round_005.pth
2026-09-05 08:06:20,133 - INFO - [Round 5] DST: packet=0.9711 physics=0.9872 hop nhat=0.9874 (+0.0163 so voi packet)
2026-09-05 08:06:20,134 - INFO - [Round 5] loss=0.2215 acc=0.9874 | micro P/R/F1=0.9874/0.9874/0.9874 | macro P/R/F1=0.7356/0.7285/0.7317 | weighted P/R/F1=0.9868/0.9874/0.9871
2026-09-05 08:06:20,439 - INFO - Luu /kaggle/working/results_vanfed_iot_full_task0/confusion_matrix_task0.csv
2026-09-05 08:06:20,439 - INFO - Luu /kaggle/working/results_vanfed_iot_full_task0/confusion_matrix_task0_normalized.csv
2026-09-05 08:06:21,278 - INFO - Luu /kaggle/working/results_vanfed_iot_full_task0/classification_report_task0.txt
              precision    recall  f1-score   support

     class_0     0.9995    0.9977    0.9986   2160225
     class_1     0.9287    0.9460    0.9372    328980
     class_2     0.0081    0.0058    0.0067      1557
     class_3     0.9967    0.9988    0.9978   1347913
     class_4     0.4990    0.4433    0.4695     40019
     class_5     0.9817    0.9793    0.9805     85258

    accuracy                         0.9874   3963952
   macro avg     0.7356    0.7285    0.7317   3963952
weighted avg     0.9868    0.9874    0.9871   3963952

2026-09-05 08:06:21,548 - INFO - Luu /kaggle/working/results_vanfed_iot_full_task0/confusion_matrix_task0.png
2026-09-05 08:06:21,549 - INFO - fit progress: (5, 0.22149491114618858, {'accuracy': 0.9874120574618461, 'micro_precision': 0.9874120574618461, 'micro_recall': 0.9874120574618461, 'micro_f1': 0.9874120574618461, 'macro_precision': 0.7356176708144281, 'macro_recall': 0.7284839843793028, 'macro_f1': 0.7317313563224092, 'weighted_precision': 0.9868482633824424, 'weighted_recall': 0.9874120574618461, 'weighted_f1': 0.9871060367146614}, 773.661634682001)
2026-09-05 08:06:21,549 - INFO - configure_evaluate: no clients selected, skipping evaluation
2026-09-05 08:06:21,549 - INFO - 
2026-09-05 08:06:21,549 - INFO - [ROUND 6]
2026-09-05 08:06:21,549 - INFO - configure_fit: strategy sampled 47 clients (out of 47)
2026-09-05 08:07:16,878 - INFO - aggregate_fit: received 47 results and 0 failures
2026-09-05 08:07:16,951 - INFO - [Round 6] tong hop 47 client (9257132 mau), train_loss=0.0745
2026-09-05 08:07:16,956 - INFO - [Round 6] luu checkpoint -> /kaggle/working/results_vanfed_iot_full_task0/checkpoints/round_006.pth
2026-09-05 08:08:51,995 - INFO - [Round 6] loss=0.2297 acc=0.9874 | micro P/R/F1=0.9874/0.9874/0.9874 | macro P/R/F1=0.7358/0.7287/0.7319 | weighted P/R/F1=0.9869/0.9874/0.9871
2026-09-05 08:08:51,995 - INFO - fit progress: (6, 0.22974079667228806, {'accuracy': 0.9874266893241896, 'micro_precision': 0.9874266893241896, 'micro_recall': 0.9874266893241896, 'micro_f1': 0.9874266893241896, 'macro_precision': 0.7357662120380768, 'macro_recall': 0.728705574588327, 'macro_f1': 0.7319230323407293, 'weighted_precision': 0.9868693908770739, 'weighted_recall': 0.9874266893241896, 'weighted_f1': 0.9871244120966594}, 924.1081207679999)
2026-09-05 08:08:51,995 - INFO - configure_evaluate: no clients selected, skipping evaluation
2026-09-05 08:08:51,995 - INFO - 
2026-09-05 08:08:51,996 - INFO - [ROUND 7]
2026-09-05 08:08:51,996 - INFO - configure_fit: strategy sampled 47 clients (out of 47)
2026-09-05 08:09:45,015 - INFO - aggregate_fit: received 47 results and 0 failures
2026-09-05 08:09:45,092 - INFO - [Round 7] tong hop 47 client (9257132 mau), train_loss=0.0777
2026-09-05 08:09:45,097 - INFO - [Round 7] luu checkpoint -> /kaggle/working/results_vanfed_iot_full_task0/checkpoints/round_007.pth
2026-09-05 08:11:20,395 - INFO - [Round 7] loss=0.2115 acc=0.9875 | micro P/R/F1=0.9875/0.9875/0.9875 | macro P/R/F1=0.7361/0.7292/0.7323 | weighted P/R/F1=0.9869/0.9875/0.9872
2026-09-05 08:11:20,396 - INFO - fit progress: (7, 0.21148640856393114, {'accuracy': 0.9874567098693425, 'micro_precision': 0.9874567098693425, 'micro_recall': 0.9874567098693425, 'micro_f1': 0.9874567098693425, 'macro_precision': 0.736075940839319, 'macro_recall': 0.729156592585308, 'macro_f1': 0.7323165453701413, 'weighted_precision': 0.9869123259702312, 'weighted_recall': 0.9874567098693425, 'weighted_f1': 0.9871618941099446}, 1072.5085543650002)
2026-09-05 08:11:20,396 - INFO - configure_evaluate: no clients selected, skipping evaluation
2026-09-05 08:11:20,396 - INFO - 
2026-09-05 08:11:20,396 - INFO - [ROUND 8]
2026-09-05 08:11:20,396 - INFO - configure_fit: strategy sampled 47 clients (out of 47)
2026-09-05 08:12:14,711 - INFO - aggregate_fit: received 47 results and 0 failures
2026-09-05 08:12:14,782 - INFO - [Round 8] tong hop 47 client (9257132 mau), train_loss=0.0833
2026-09-05 08:12:14,787 - INFO - [Round 8] luu checkpoint -> /kaggle/working/results_vanfed_iot_full_task0/checkpoints/round_008.pth
2026-09-05 08:13:49,293 - INFO - [Round 8] loss=0.1805 acc=0.9875 | micro P/R/F1=0.9875/0.9875/0.9875 | macro P/R/F1=0.7361/0.7293/0.7324 | weighted P/R/F1=0.9869/0.9875/0.9872
2026-09-05 08:13:49,294 - INFO - fit progress: (8, 0.18045633812704362, {'accuracy': 0.9874620076126048, 'micro_precision': 0.9874620076126048, 'micro_recall': 0.9874620076126048, 'micro_f1': 0.9874620076126048, 'macro_precision': 0.736136148432284, 'macro_recall': 0.7292572190738783, 'macro_f1': 0.7324000637569617, 'weighted_precision': 0.986920743505788, 'weighted_recall': 0.9874620076126048, 'weighted_f1': 0.9871689763342083}, 1221.406669117001)
2026-09-05 08:13:49,294 - INFO - configure_evaluate: no clients selected, skipping evaluation
2026-09-05 08:13:49,294 - INFO - 
2026-09-05 08:13:49,294 - INFO - [ROUND 9]
2026-09-05 08:13:49,294 - INFO - configure_fit: strategy sampled 47 clients (out of 47)
2026-09-05 08:14:43,582 - INFO - aggregate_fit: received 47 results and 0 failures
2026-09-05 08:14:43,655 - INFO - [Round 9] tong hop 47 client (9257132 mau), train_loss=0.0851
2026-09-05 08:14:43,660 - INFO - [Round 9] luu checkpoint -> /kaggle/working/results_vanfed_iot_full_task0/checkpoints/round_009.pth
2026-09-05 08:16:18,880 - INFO - [Round 9] loss=0.1842 acc=0.9875 | micro P/R/F1=0.9875/0.9875/0.9875 | macro P/R/F1=0.7362/0.7293/0.7325 | weighted P/R/F1=0.9869/0.9875/0.9872
2026-09-05 08:16:18,881 - INFO - fit progress: (9, 0.1842094021426006, {'accuracy': 0.987467305355867, 'micro_precision': 0.987467305355867, 'micro_recall': 0.987467305355867, 'micro_f1': 0.987467305355867, 'macro_precision': 0.7361683111943523, 'macro_recall': 0.7293270854908048, 'macro_f1': 0.7324541265480606, 'weighted_precision': 0.9869288544710687, 'weighted_recall': 0.987467305355867, 'weighted_f1': 0.987175906847513}, 1370.994087694)
2026-09-05 08:16:18,881 - INFO - configure_evaluate: no clients selected, skipping evaluation
2026-09-05 08:16:18,881 - INFO - 
2026-09-05 08:16:18,881 - INFO - [ROUND 10]
2026-09-05 08:16:18,881 - INFO - configure_fit: strategy sampled 47 clients (out of 47)
2026-09-05 08:17:12,467 - INFO - aggregate_fit: received 47 results and 0 failures
2026-09-05 08:17:12,556 - INFO - [Round 10] tong hop 47 client (9257132 mau), train_loss=0.0943
2026-09-05 08:17:12,561 - INFO - [Round 10] luu checkpoint -> /kaggle/working/results_vanfed_iot_full_task0/checkpoints/round_010.pth
2026-09-05 08:18:47,485 - INFO - [Round 10] DST: packet=0.9734 physics=0.9872 hop nhat=0.9875 (+0.0141 so voi packet)
2026-09-05 08:18:47,485 - INFO - [Round 10] loss=0.1794 acc=0.9875 | micro P/R/F1=0.9875/0.9875/0.9875 | macro P/R/F1=0.7361/0.7293/0.7324 | weighted P/R/F1=0.9869/0.9875/0.9872
2026-09-05 08:18:47,779 - INFO - Luu /kaggle/working/results_vanfed_iot_full_task0/confusion_matrix_task0.csv
2026-09-05 08:18:47,780 - INFO - Luu /kaggle/working/results_vanfed_iot_full_task0/confusion_matrix_task0_normalized.csv
2026-09-05 08:18:48,626 - INFO - Luu /kaggle/working/results_vanfed_iot_full_task0/classification_report_task0.txt
              precision    recall  f1-score   support

     class_0     0.9995    0.9977    0.9986   2160225
     class_1     0.9292    0.9460    0.9375    328980
     class_2     0.0081    0.0058    0.0067      1557
     class_3     0.9968    0.9988    0.9978   1347913
     class_4     0.5016    0.4480    0.4733     40019
     class_5     0.9818    0.9793    0.9806     85258

    accuracy                         0.9875   3963952
   macro avg     0.7361    0.7293    0.7324   3963952
weighted avg     0.9869    0.9875    0.9872   3963952

2026-09-05 08:18:48,843 - INFO - Luu /kaggle/working/results_vanfed_iot_full_task0/confusion_matrix_task0.png
2026-09-05 08:18:48,843 - INFO - fit progress: (10, 0.1793798577994847, {'accuracy': 0.9874668008088897, 'micro_precision': 0.9874668008088897, 'micro_recall': 0.9874668008088897, 'micro_f1': 0.9874668008088897, 'macro_precision': 0.7361443092569134, 'macro_recall': 0.7292807271592757, 'macro_f1': 0.7324169590411046, 'weighted_precision': 0.9869267249852398, 'weighted_recall': 0.9874668008088897, 'weighted_f1': 0.987174424189526}, 1520.956280804001)
2026-09-05 08:18:48,843 - INFO - configure_evaluate: no clients selected, skipping evaluation
2026-09-05 08:18:48,844 - INFO - 
2026-09-05 08:18:48,844 - INFO - [ROUND 11]
2026-09-05 08:18:48,844 - INFO - configure_fit: strategy sampled 47 clients (out of 47)
2026-09-05 08:19:42,146 - INFO - aggregate_fit: received 47 results and 0 failures
2026-09-05 08:19:42,223 - INFO - [Round 11] tong hop 47 client (9257132 mau), train_loss=0.0969
2026-09-05 08:19:42,228 - INFO - [Round 11] luu checkpoint -> /kaggle/working/results_vanfed_iot_full_task0/checkpoints/round_011.pth
2026-09-05 08:21:17,341 - INFO - [Round 11] loss=0.1490 acc=0.9875 | micro P/R/F1=0.9875/0.9875/0.9875 | macro P/R/F1=0.7362/0.7294/0.7325 | weighted P/R/F1=0.9869/0.9875/0.9872
2026-09-05 08:21:17,341 - INFO - fit progress: (11, 0.149046072574748, {'accuracy': 0.9874748735605274, 'micro_precision': 0.9874748735605274, 'micro_recall': 0.9874748735605274, 'micro_f1': 0.9874748735605274, 'macro_precision': 0.7361883067956055, 'macro_recall': 0.729350314469437, 'macro_f1': 0.7324758788345936, 'weighted_precision': 0.986936964982179, 'weighted_recall': 0.9874748735605274, 'weighted_f1': 0.9871837373440349}, 1669.4542342650002)
2026-09-05 08:21:17,341 - INFO - configure_evaluate: no clients selected, skipping evaluation
2026-09-05 08:21:17,342 - INFO - 
2026-09-05 08:21:17,342 - INFO - [ROUND 12]
2026-09-05 08:21:17,342 - INFO - configure_fit: strategy sampled 47 clients (out of 47)
2026-09-05 08:22:12,908 - INFO - aggregate_fit: received 47 results and 0 failures
2026-09-05 08:22:12,986 - INFO - [Round 12] tong hop 47 client (9257132 mau), train_loss=0.1008
2026-09-05 08:22:12,992 - INFO - [Round 12] luu checkpoint -> /kaggle/working/results_vanfed_iot_full_task0/checkpoints/round_012.pth
2026-09-05 08:23:48,008 - INFO - [Round 12] loss=0.1664 acc=0.9875 | micro P/R/F1=0.9875/0.9875/0.9875 | macro P/R/F1=0.7362/0.7294/0.7325 | weighted P/R/F1=0.9869/0.9875/0.9872
2026-09-05 08:23:48,009 - INFO - fit progress: (12, 0.16644723734949246, {'accuracy': 0.9874718462786634, 'micro_precision': 0.9874718462786634, 'micro_recall': 0.9874718462786634, 'micro_f1': 0.9874718462786634, 'macro_precision': 0.7361952186730881, 'macro_recall': 0.7293628923787061, 'macro_f1': 0.7324864013282868, 'weighted_precision': 0.986934417593977, 'weighted_recall': 0.9874718462786634, 'weighted_f1': 0.9871810230321507}, 1820.1216022570006)
2026-09-05 08:23:48,009 - INFO - configure_evaluate: no clients selected, skipping evaluation
2026-09-05 08:23:48,009 - INFO - 
2026-09-05 08:23:48,009 - INFO - [ROUND 13]
2026-09-05 08:23:48,009 - INFO - configure_fit: strategy sampled 47 clients (out of 47)
2026-09-05 08:24:43,269 - INFO - aggregate_fit: received 47 results and 0 failures
2026-09-05 08:24:43,347 - INFO - [Round 13] tong hop 47 client (9257132 mau), train_loss=0.1067
2026-09-05 08:24:43,352 - INFO - [Round 13] luu checkpoint -> /kaggle/working/results_vanfed_iot_full_task0/checkpoints/round_013.pth
2026-09-05 08:26:17,870 - INFO - [Round 13] loss=0.1734 acc=0.9875 | micro P/R/F1=0.9875/0.9875/0.9875 | macro P/R/F1=0.7363/0.7295/0.7326 | weighted P/R/F1=0.9869/0.9875/0.9872
2026-09-05 08:26:17,871 - INFO - fit progress: (13, 0.17343876359999671, {'accuracy': 0.9874799190303011, 'micro_precision': 0.9874799190303011, 'micro_recall': 0.9874799190303011, 'micro_f1': 0.9874799190303011, 'macro_precision': 0.7362537471931864, 'macro_recall': 0.7294579263505759, 'macro_f1': 0.7325661284789181, 'weighted_precision': 0.9869454611830895, 'weighted_recall': 0.9874799190303011, 'weighted_f1': 0.987190802735467}, 1969.9838357220015)
2026-09-05 08:26:17,871 - INFO - configure_evaluate: no clients selected, skipping evaluation
2026-09-05 08:26:17,871 - INFO - 
2026-09-05 08:26:17,871 - INFO - [ROUND 14]
2026-09-05 08:26:17,872 - INFO - configure_fit: strategy sampled 47 clients (out of 47)
2026-09-05 08:27:11,065 - INFO - aggregate_fit: received 47 results and 0 failures
2026-09-05 08:27:11,142 - INFO - [Round 14] tong hop 47 client (9257132 mau), train_loss=0.1169
2026-09-05 08:27:11,147 - INFO - [Round 14] luu checkpoint -> /kaggle/working/results_vanfed_iot_full_task0/checkpoints/round_014.pth
2026-09-05 08:28:46,161 - INFO - [Round 14] loss=0.1734 acc=0.9875 | micro P/R/F1=0.9875/0.9875/0.9875 | macro P/R/F1=0.7363/0.7295/0.7326 | weighted P/R/F1=0.9869/0.9875/0.9872
2026-09-05 08:28:46,162 - INFO - fit progress: (14, 0.17342284434159433, {'accuracy': 0.9874811803977445, 'micro_precision': 0.9874811803977445, 'micro_recall': 0.9874811803977445, 'micro_f1': 0.9874811803977445, 'macro_precision': 0.736251086800391, 'macro_recall': 0.7294527138246156, 'macro_f1': 0.7325618029830486, 'weighted_precision': 0.9869464944186143, 'weighted_recall': 0.9874811803977445, 'weighted_f1': 0.9871919116205269}, 2118.2749512240007)
2026-09-05 08:28:46,162 - INFO - configure_evaluate: no clients selected, skipping evaluation
2026-09-05 08:28:46,162 - INFO - 
2026-09-05 08:28:46,162 - INFO - [ROUND 15]
2026-09-05 08:28:46,163 - INFO - configure_fit: strategy sampled 47 clients (out of 47)
2026-09-05 08:29:39,769 - INFO - aggregate_fit: received 47 results and 0 failures
2026-09-05 08:29:39,843 - INFO - [Round 15] tong hop 47 client (9257132 mau), train_loss=0.1261
2026-09-05 08:29:39,849 - INFO - [Round 15] luu checkpoint -> /kaggle/working/results_vanfed_iot_full_task0/checkpoints/round_015.pth
2026-09-05 08:31:14,237 - INFO - [Round 15] DST: packet=0.9741 physics=0.9872 hop nhat=0.9875 (+0.0134 so voi packet)
2026-09-05 08:31:14,237 - INFO - [Round 15] loss=0.1538 acc=0.9875 | micro P/R/F1=0.9875/0.9875/0.9875 | macro P/R/F1=0.7363/0.7294/0.7326 | weighted P/R/F1=0.9869/0.9875/0.9872
2026-09-05 08:31:14,537 - INFO - Luu /kaggle/working/results_vanfed_iot_full_task0/confusion_matrix_task0.csv
2026-09-05 08:31:14,537 - INFO - Luu /kaggle/working/results_vanfed_iot_full_task0/confusion_matrix_task0_normalized.csv
2026-09-05 08:31:15,384 - INFO - Luu /kaggle/working/results_vanfed_iot_full_task0/classification_report_task0.txt
              precision    recall  f1-score   support

     class_0     0.9995    0.9977    0.9986   2160225
     class_1     0.9293    0.9460    0.9376    328980
     class_2     0.0081    0.0058    0.0067      1557
     class_3     0.9968    0.9988    0.9978   1347913
     class_4     0.5021    0.4490    0.4741     40019
     class_5     0.9818    0.9793    0.9806     85258

    accuracy                         0.9875   3963952
   macro avg     0.7363    0.7294    0.7326   3963952
weighted avg     0.9869    0.9875    0.9872   3963952

2026-09-05 08:31:15,594 - INFO - Luu /kaggle/working/results_vanfed_iot_full_task0/confusion_matrix_task0.png
2026-09-05 08:31:15,594 - INFO - fit progress: (15, 0.15381217711751372, {'accuracy': 0.9874824417651878, 'micro_precision': 0.9874824417651878, 'micro_recall': 0.9874824417651878, 'micro_f1': 0.9874824417651878, 'macro_precision': 0.7362532414087641, 'macro_recall': 0.7294475012986553, 'macro_f1': 0.732559635047802, 'weighted_precision': 0.9869472867526959, 'weighted_recall': 0.9874824417651878, 'weighted_f1': 0.9871928864163262}, 2267.7073402940005)
2026-09-05 08:31:15,595 - INFO - configure_evaluate: no clients selected, skipping evaluation
2026-09-05 08:31:15,595 - INFO - 
2026-09-05 08:31:15,595 - INFO - [ROUND 16]
2026-09-05 08:31:15,595 - INFO - configure_fit: strategy sampled 47 clients (out of 47)
2026-09-05 08:32:09,156 - INFO - aggregate_fit: received 47 results and 0 failures
2026-09-05 08:32:09,229 - INFO - [Round 16] tong hop 47 client (9257132 mau), train_loss=0.1252
2026-09-05 08:32:09,235 - INFO - [Round 16] luu checkpoint -> /kaggle/working/results_vanfed_iot_full_task0/checkpoints/round_016.pth
2026-09-05 08:33:43,962 - INFO - [Round 16] loss=0.1391 acc=0.9875 | micro P/R/F1=0.9875/0.9875/0.9875 | macro P/R/F1=0.7362/0.7293/0.7325 | weighted P/R/F1=0.9869/0.9875/0.9872
2026-09-05 08:33:43,963 - INFO - fit progress: (16, 0.13911716412167904, {'accuracy': 0.9874789099363463, 'micro_precision': 0.9874789099363463, 'micro_recall': 0.9874789099363463, 'micro_f1': 0.9874789099363463, 'macro_precision': 0.7362063023424471, 'macro_recall': 0.7293306665080307, 'macro_f1': 0.7324722181211527, 'weighted_precision': 0.9869388770163222, 'weighted_recall': 0.9874789099363463, 'weighted_f1': 0.9871864920210593}, 2416.075672746001)
2026-09-05 08:33:43,963 - INFO - configure_evaluate: no clients selected, skipping evaluation
2026-09-05 08:33:43,963 - INFO - 
2026-09-05 08:33:43,963 - INFO - [ROUND 17]
2026-09-05 08:33:43,963 - INFO - configure_fit: strategy sampled 47 clients (out of 47)
2026-09-05 08:34:37,558 - INFO - aggregate_fit: received 47 results and 0 failures
2026-09-05 08:34:37,634 - INFO - [Round 17] tong hop 47 client (9257132 mau), train_loss=0.1286
2026-09-05 08:34:37,639 - INFO - [Round 17] luu checkpoint -> /kaggle/working/results_vanfed_iot_full_task0/checkpoints/round_017.pth
2026-09-05 08:36:12,140 - INFO - [Round 17] loss=0.1524 acc=0.9875 | micro P/R/F1=0.9875/0.9875/0.9875 | macro P/R/F1=0.7363/0.7296/0.7327 | weighted P/R/F1=0.9870/0.9875/0.9872
2026-09-05 08:36:12,141 - INFO - fit progress: (17, 0.15239984449768854, {'accuracy': 0.9874945508926445, 'micro_precision': 0.9874945508926445, 'micro_recall': 0.9874945508926445, 'micro_f1': 0.9874945508926445, 'macro_precision': 0.7363383986575638, 'macro_recall': 0.7295715235338104, 'macro_f1': 0.7326678595582772, 'weighted_precision': 0.9869630096897604, 'weighted_recall': 0.9874945508926445, 'weighted_f1': 0.9872070874142246}, 2564.2539926440004)
2026-09-05 08:36:12,141 - INFO - configure_evaluate: no clients selected, skipping evaluation
2026-09-05 08:36:12,141 - INFO - 
2026-09-05 08:36:12,141 - INFO - [ROUND 18]
2026-09-05 08:36:12,142 - INFO - configure_fit: strategy sampled 47 clients (out of 47)
2026-09-05 08:37:05,091 - INFO - aggregate_fit: received 47 results and 0 failures
2026-09-05 08:37:05,170 - INFO - [Round 18] tong hop 47 client (9257132 mau), train_loss=0.1353
2026-09-05 08:37:05,174 - INFO - [Round 18] luu checkpoint -> /kaggle/working/results_vanfed_iot_full_task0/checkpoints/round_018.pth
2026-09-05 08:38:39,870 - INFO - [Round 18] loss=0.1687 acc=0.9875 | micro P/R/F1=0.9875/0.9875/0.9875 | macro P/R/F1=0.7363/0.7295/0.7326 | weighted P/R/F1=0.9870/0.9875/0.9872
2026-09-05 08:38:39,870 - INFO - fit progress: (18, 0.16874069601974703, {'accuracy': 0.9874859735940293, 'micro_precision': 0.9874859735940293, 'micro_recall': 0.9874859735940293, 'micro_f1': 0.9874859735940293, 'macro_precision': 0.7362715232121234, 'macro_recall': 0.7294653610409383, 'macro_f1': 0.7325779119287207, 'weighted_precision': 0.9869510973589039, 'weighted_recall': 0.9874859735940293, 'weighted_f1': 0.9871965774689079}, 2711.983233991001)
2026-09-05 08:38:39,870 - INFO - configure_evaluate: no clients selected, skipping evaluation
2026-09-05 08:38:39,871 - INFO - 
2026-09-05 08:38:39,871 - INFO - [ROUND 19]
2026-09-05 08:38:39,871 - INFO - configure_fit: strategy sampled 47 clients (out of 47)
2026-09-05 08:39:31,483 - INFO - aggregate_fit: received 47 results and 0 failures
2026-09-05 08:39:31,563 - INFO - [Round 19] tong hop 47 client (9257132 mau), train_loss=0.1485
2026-09-05 08:39:31,567 - INFO - [Round 19] luu checkpoint -> /kaggle/working/results_vanfed_iot_full_task0/checkpoints/round_019.pth
2026-09-05 08:41:05,723 - INFO - [Round 19] loss=0.1542 acc=0.9875 | micro P/R/F1=0.9875/0.9875/0.9875 | macro P/R/F1=0.7363/0.7295/0.7326 | weighted P/R/F1=0.9870/0.9875/0.9872
2026-09-05 08:41:05,724 - INFO - fit progress: (19, 0.1541820564268788, {'accuracy': 0.987491019063803, 'micro_precision': 0.987491019063803, 'micro_recall': 0.987491019063803, 'micro_f1': 0.987491019063803, 'macro_precision': 0.7362971233684016, 'macro_recall': 0.7294985856075377, 'macro_f1': 0.7326082501323011, 'weighted_precision': 0.9869571021432865, 'weighted_recall': 0.987491019063803, 'weighted_f1': 0.9872021746837818}, 2857.836836849001)
2026-09-05 08:41:05,724 - INFO - configure_evaluate: no clients selected, skipping evaluation
2026-09-05 08:41:05,724 - INFO - 
2026-09-05 08:41:05,724 - INFO - [ROUND 20]
2026-09-05 08:41:05,724 - INFO - configure_fit: strategy sampled 47 clients (out of 47)
2026-09-05 08:41:57,628 - INFO - aggregate_fit: received 47 results and 0 failures
2026-09-05 08:41:57,706 - INFO - [Round 20] tong hop 47 client (9257132 mau), train_loss=0.1550
2026-09-05 08:41:57,712 - INFO - [Round 20] luu checkpoint -> /kaggle/working/results_vanfed_iot_full_task0/checkpoints/round_020.pth
2026-09-05 08:43:31,902 - INFO - [Round 20] DST: packet=0.9741 physics=0.9872 hop nhat=0.9875 (+0.0134 so voi packet)
2026-09-05 08:43:31,902 - INFO - [Round 20] loss=0.1600 acc=0.9875 | micro P/R/F1=0.9875/0.9875/0.9875 | macro P/R/F1=0.7363/0.7295/0.7326 | weighted P/R/F1=0.9870/0.9875/0.9872
2026-09-05 08:43:32,195 - INFO - Luu /kaggle/working/results_vanfed_iot_full_task0/confusion_matrix_task0.csv
2026-09-05 08:43:32,195 - INFO - Luu /kaggle/working/results_vanfed_iot_full_task0/confusion_matrix_task0_normalized.csv
2026-09-05 08:43:33,030 - INFO - Luu /kaggle/working/results_vanfed_iot_full_task0/classification_report_task0.txt
              precision    recall  f1-score   support

     class_0     0.9995    0.9978    0.9986   2160225
     class_1     0.9294    0.9460    0.9376    328980
     class_2     0.0081    0.0058    0.0067      1557
     class_3     0.9968    0.9988    0.9978   1347913
     class_4     0.5023    0.4493    0.4743     40019
     class_5     0.9818    0.9793    0.9806     85258

    accuracy                         0.9875   3963952
   macro avg     0.7363    0.7295    0.7326   3963952
weighted avg     0.9870    0.9875    0.9872   3963952

2026-09-05 08:43:33,235 - INFO - Luu /kaggle/working/results_vanfed_iot_full_task0/confusion_matrix_task0.png
2026-09-05 08:43:33,235 - INFO - fit progress: (20, 0.16002435482699762, {'accuracy': 0.9874960645335766, 'micro_precision': 0.9874960645335766, 'micro_recall': 0.9874960645335766, 'micro_f1': 0.9874960645335766, 'macro_precision': 0.7362995491543615, 'macro_recall': 0.7294996991927268, 'macro_f1': 0.7326100278596, 'weighted_precision': 0.9869621066281963, 'weighted_recall': 0.9874960645335766, 'weighted_f1': 0.98720721136445}, 3005.3481495200012)
2026-09-05 08:43:33,235 - INFO - configure_evaluate: no clients selected, skipping evaluation
2026-09-05 08:43:33,235 - INFO - 
2026-09-05 08:43:33,235 - INFO - [ROUND 21]
2026-09-05 08:43:33,236 - INFO - configure_fit: strategy sampled 47 clients (out of 47)
2026-09-05 08:44:28,740 - INFO - aggregate_fit: received 47 results and 0 failures
2026-09-05 08:44:28,827 - INFO - [Round 21] tong hop 47 client (9257132 mau), train_loss=0.1655
2026-09-05 08:44:28,832 - INFO - [Round 21] luu checkpoint -> /kaggle/working/results_vanfed_iot_full_task0/checkpoints/round_021.pth
2026-09-05 08:46:02,842 - INFO - [Round 21] loss=0.1550 acc=0.9875 | micro P/R/F1=0.9875/0.9875/0.9875 | macro P/R/F1=0.7363/0.7295/0.7326 | weighted P/R/F1=0.9870/0.9875/0.9872
2026-09-05 08:46:02,843 - INFO - fit progress: (21, 0.15500214029380605, {'accuracy': 0.9874960645335766, 'micro_precision': 0.9874960645335766, 'micro_recall': 0.9874960645335766, 'micro_f1': 0.9874960645335766, 'macro_precision': 0.7362860197134656, 'macro_recall': 0.7294824276029832, 'macro_f1': 0.7325940284643714, 'weighted_precision': 0.9869615874457667, 'weighted_recall': 0.9874960645335766, 'weighted_f1': 0.9872069005724197}, 3154.9560131550006)
2026-09-05 08:46:02,843 - INFO - configure_evaluate: no clients selected, skipping evaluation
2026-09-05 08:46:02,843 - INFO - 
2026-09-05 08:46:02,843 - INFO - [ROUND 22]
2026-09-05 08:46:02,844 - INFO - configure_fit: strategy sampled 47 clients (out of 47)
2026-09-05 08:46:54,911 - INFO - aggregate_fit: received 47 results and 0 failures
2026-09-05 08:46:54,986 - INFO - [Round 22] tong hop 47 client (9257132 mau), train_loss=0.1677
2026-09-05 08:46:54,991 - INFO - [Round 22] luu checkpoint -> /kaggle/working/results_vanfed_iot_full_task0/checkpoints/round_022.pth
2026-09-05 08:48:29,569 - INFO - [Round 22] loss=0.1629 acc=0.9875 | micro P/R/F1=0.9875/0.9875/0.9875 | macro P/R/F1=0.7364/0.7296/0.7327 | weighted P/R/F1=0.9870/0.9875/0.9872
2026-09-05 08:48:29,569 - INFO - fit progress: (22, 0.16285520818946528, {'accuracy': 0.9875033804647483, 'micro_precision': 0.9875033804647483, 'micro_recall': 0.9875033804647483, 'micro_f1': 0.9875033804647483, 'macro_precision': 0.7363597990278112, 'macro_recall': 0.7295935802614119, 'macro_f1': 0.7326897757576777, 'weighted_precision': 0.9869721760644669, 'weighted_recall': 0.9875033804647483, 'weighted_f1': 0.9872161030546411}, 3301.682199955001)
2026-09-05 08:48:29,569 - INFO - configure_evaluate: no clients selected, skipping evaluation
2026-09-05 08:48:29,570 - INFO - 
2026-09-05 08:48:29,570 - INFO - [ROUND 23]
2026-09-05 08:48:29,570 - INFO - configure_fit: strategy sampled 47 clients (out of 47)
2026-09-05 08:49:21,341 - INFO - aggregate_fit: received 47 results and 0 failures
2026-09-05 08:49:21,419 - INFO - [Round 23] tong hop 47 client (9257132 mau), train_loss=0.1856
2026-09-05 08:49:21,424 - INFO - [Round 23] luu checkpoint -> /kaggle/working/results_vanfed_iot_full_task0/checkpoints/round_023.pth
2026-09-05 08:50:55,338 - INFO - [Round 23] loss=0.1527 acc=0.9875 | micro P/R/F1=0.9875/0.9875/0.9875 | macro P/R/F1=0.7364/0.7296/0.7327 | weighted P/R/F1=0.9870/0.9875/0.9872
2026-09-05 08:50:55,339 - INFO - fit progress: (23, 0.15274095876250138, {'accuracy': 0.9875159941391823, 'micro_precision': 0.9875159941391823, 'micro_recall': 0.9875159941391823, 'micro_f1': 0.9875159941391823, 'macro_precision': 0.7363864544333429, 'macro_recall': 0.7296315864064843, 'macro_f1': 0.7327230435226731, 'weighted_precision': 0.9869857166606602, 'weighted_recall': 0.9875159941391823, 'weighted_f1': 0.9872292687999173}, 3447.451945879)
2026-09-05 08:50:55,339 - INFO - configure_evaluate: no clients selected, skipping evaluation
2026-09-05 08:50:55,339 - INFO - 
2026-09-05 08:50:55,339 - INFO - [ROUND 24]
2026-09-05 08:50:55,340 - INFO - configure_fit: strategy sampled 47 clients (out of 47)
2026-09-05 08:51:48,319 - INFO - aggregate_fit: received 47 results and 0 failures
2026-09-05 08:51:48,395 - INFO - [Round 24] tong hop 47 client (9257132 mau), train_loss=0.1778
2026-09-05 08:51:48,399 - INFO - [Round 24] luu checkpoint -> /kaggle/working/results_vanfed_iot_full_task0/checkpoints/round_024.pth
2026-09-05 08:53:24,642 - INFO - [Round 24] loss=0.1584 acc=0.9875 | micro P/R/F1=0.9875/0.9875/0.9875 | macro P/R/F1=0.7363/0.7296/0.7327 | weighted P/R/F1=0.9870/0.9875/0.9872
2026-09-05 08:53:24,642 - INFO - fit progress: (24, 0.15836326699426845, {'accuracy': 0.9875139759512729, 'micro_precision': 0.9875139759512729, 'micro_recall': 0.9875139759512729, 'micro_f1': 0.9875139759512729, 'macro_precision': 0.7363479931261171, 'macro_recall': 0.7295690668406393, 'macro_f1': 0.7326706670621244, 'weighted_precision': 0.9869818530628524, 'weighted_recall': 0.9875139759512729, 'weighted_f1': 0.9872261839808316}, 3596.755198436)
2026-09-05 08:53:24,642 - INFO - configure_evaluate: no clients selected, skipping evaluation
2026-09-05 08:53:24,643 - INFO - 
2026-09-05 08:53:24,643 - INFO - [ROUND 25]
2026-09-05 08:53:24,643 - INFO - configure_fit: strategy sampled 47 clients (out of 47)
2026-09-05 08:54:21,004 - INFO - aggregate_fit: received 47 results and 0 failures
2026-09-05 08:54:21,077 - INFO - [Round 25] tong hop 47 client (9257132 mau), train_loss=0.1791
2026-09-05 08:54:21,082 - INFO - [Round 25] luu checkpoint -> /kaggle/working/results_vanfed_iot_full_task0/checkpoints/round_025.pth
2026-09-05 08:55:55,480 - INFO - [Round 25] DST: packet=0.9742 physics=0.9872 hop nhat=0.9875 (+0.0133 so voi packet)
2026-09-05 08:55:55,480 - INFO - [Round 25] loss=0.1510 acc=0.9875 | micro P/R/F1=0.9875/0.9875/0.9875 | macro P/R/F1=0.7363/0.7295/0.7326 | weighted P/R/F1=0.9870/0.9875/0.9872
2026-09-05 08:55:55,785 - INFO - Luu /kaggle/working/results_vanfed_iot_full_task0/confusion_matrix_task0.csv
2026-09-05 08:55:55,786 - INFO - Luu /kaggle/working/results_vanfed_iot_full_task0/confusion_matrix_task0_normalized.csv
2026-09-05 08:55:56,657 - INFO - Luu /kaggle/working/results_vanfed_iot_full_task0/classification_report_task0.txt
              precision    recall  f1-score   support

     class_0     0.9995    0.9978    0.9986   2160225
     class_1     0.9294    0.9460    0.9376    328980
     class_2     0.0081    0.0058    0.0067      1557
     class_3     0.9968    0.9988    0.9978   1347913
     class_4     0.5024    0.4495    0.4745     40019
     class_5     0.9818    0.9793    0.9806     85258

    accuracy                         0.9875   3963952
   macro avg     0.7363    0.7295    0.7326   3963952
weighted avg     0.9870    0.9875    0.9872   3963952

2026-09-05 08:55:56,866 - INFO - Luu /kaggle/working/results_vanfed_iot_full_task0/confusion_matrix_task0.png
2026-09-05 08:55:56,866 - INFO - fit progress: (25, 0.15100243201186833, {'accuracy': 0.9875003531828842, 'micro_precision': 0.9875003531828842, 'micro_recall': 0.9875003531828842, 'micro_f1': 0.9875003531828842, 'macro_precision': 0.7363194735051374, 'macro_recall': 0.729541394162463, 'macro_f1': 0.7326420035642532, 'weighted_precision': 0.9869676637834527, 'weighted_recall': 0.9875003531828842, 'weighted_f1': 0.987212215195628}, 3748.979161868001)
2026-09-05 08:55:56,866 - INFO - configure_evaluate: no clients selected, skipping evaluation
2026-09-05 08:55:56,866 - INFO - 
2026-09-05 08:55:56,867 - INFO - [ROUND 26]
2026-09-05 08:55:56,867 - INFO - configure_fit: strategy sampled 47 clients (out of 47)
2026-09-05 08:56:50,646 - INFO - aggregate_fit: received 47 results and 0 failures
2026-09-05 08:56:50,716 - INFO - [Round 26] tong hop 47 client (9257132 mau), train_loss=0.1819
2026-09-05 08:56:50,721 - INFO - [Round 26] luu checkpoint -> /kaggle/working/results_vanfed_iot_full_task0/checkpoints/round_026.pth
2026-09-05 08:58:25,163 - INFO - [Round 26] loss=0.1703 acc=0.9875 | micro P/R/F1=0.9875/0.9875/0.9875 | macro P/R/F1=0.7363/0.7296/0.7327 | weighted P/R/F1=0.9870/0.9875/0.9872
2026-09-05 08:58:25,163 - INFO - fit progress: (26, 0.17025007589235286, {'accuracy': 0.9875137236777842, 'micro_precision': 0.9875137236777842, 'micro_recall': 0.9875137236777842, 'micro_f1': 0.9875137236777842, 'macro_precision': 0.7363376547205238, 'macro_recall': 0.7295562976162812, 'macro_f1': 0.7326588940966204, 'weighted_precision': 0.9869813354858724, 'weighted_recall': 0.9875137236777842, 'weighted_f1': 0.9872257835396719}, 3897.276471706)
2026-09-05 08:58:25,164 - INFO - configure_evaluate: no clients selected, skipping evaluation
2026-09-05 08:58:25,164 - INFO - 
2026-09-05 08:58:25,164 - INFO - [ROUND 27]
2026-09-05 08:58:25,164 - INFO - configure_fit: strategy sampled 47 clients (out of 47)
2026-09-05 08:59:17,092 - INFO - aggregate_fit: received 47 results and 0 failures
2026-09-05 08:59:17,176 - INFO - [Round 27] tong hop 47 client (9257132 mau), train_loss=0.1918
2026-09-05 08:59:17,181 - INFO - [Round 27] luu checkpoint -> /kaggle/working/results_vanfed_iot_full_task0/checkpoints/round_027.pth
2026-09-05 09:00:51,458 - INFO - [Round 27] loss=0.1709 acc=0.9875 | micro P/R/F1=0.9875/0.9875/0.9875 | macro P/R/F1=0.7364/0.7296/0.7327 | weighted P/R/F1=0.9870/0.9875/0.9872
2026-09-05 09:00:51,458 - INFO - fit progress: (27, 0.17088206264783035, {'accuracy': 0.9875172555066257, 'micro_precision': 0.9875172555066257, 'micro_recall': 0.9875172555066257, 'micro_f1': 0.9875172555066257, 'macro_precision': 0.7363768775710581, 'macro_recall': 0.7296160514887928, 'macro_f1': 0.7327100241320516, 'weighted_precision': 0.9869864898349865, 'weighted_recall': 0.9875172555066257, 'weighted_f1': 0.9872302548335123}, 4043.571123459)
2026-09-05 09:00:51,458 - INFO - configure_evaluate: no clients selected, skipping evaluation
2026-09-05 09:00:51,458 - INFO - 
2026-09-05 09:00:51,458 - INFO - [ROUND 28]
2026-09-05 09:00:51,458 - INFO - configure_fit: strategy sampled 47 clients (out of 47)
2026-09-05 09:01:46,057 - INFO - aggregate_fit: received 47 results and 0 failures
2026-09-05 09:01:46,134 - INFO - [Round 28] tong hop 47 client (9257132 mau), train_loss=0.2057
2026-09-05 09:01:46,138 - INFO - [Round 28] luu checkpoint -> /kaggle/working/results_vanfed_iot_full_task0/checkpoints/round_028.pth
2026-09-05 09:03:20,698 - INFO - [Round 28] loss=0.1533 acc=0.9875 | micro P/R/F1=0.9875/0.9875/0.9875 | macro P/R/F1=0.7364/0.7296/0.7327 | weighted P/R/F1=0.9870/0.9875/0.9872
2026-09-05 09:03:20,699 - INFO - fit progress: (28, 0.15334770721498847, {'accuracy': 0.9875180123270918, 'micro_precision': 0.9875180123270918, 'micro_recall': 0.9875180123270918, 'micro_f1': 0.9875180123270918, 'macro_precision': 0.7363791570422541, 'macro_recall': 0.7296152641757611, 'macro_f1': 0.7327106301299814, 'weighted_precision': 0.986987184725648, 'weighted_recall': 0.9875180123270918, 'weighted_f1': 0.9872309677413145}, 4192.8116833290005)
2026-09-05 09:03:20,699 - INFO - configure_evaluate: no clients selected, skipping evaluation
2026-09-05 09:03:20,699 - INFO - 
2026-09-05 09:03:20,699 - INFO - [ROUND 29]
2026-09-05 09:03:20,699 - INFO - configure_fit: strategy sampled 47 clients (out of 47)
2026-09-05 09:04:16,419 - INFO - aggregate_fit: received 47 results and 0 failures
2026-09-05 09:04:16,494 - INFO - [Round 29] tong hop 47 client (9257132 mau), train_loss=0.2021
2026-09-05 09:04:16,499 - INFO - [Round 29] luu checkpoint -> /kaggle/working/results_vanfed_iot_full_task0/checkpoints/round_029.pth
2026-09-05 09:05:50,784 - INFO - [Round 29] loss=0.1622 acc=0.9875 | micro P/R/F1=0.9875/0.9875/0.9875 | macro P/R/F1=0.7365/0.7297/0.7328 | weighted P/R/F1=0.9870/0.9875/0.9872
2026-09-05 09:05:50,784 - INFO - fit progress: (29, 0.16218897754957606, {'accuracy': 0.987517760053603, 'micro_precision': 0.987517760053603, 'micro_recall': 0.987517760053603, 'micro_f1': 0.987517760053603, 'macro_precision': 0.7365230654762286, 'macro_recall': 0.7297217238665382, 'macro_f1': 0.7328327020000884, 'weighted_precision': 0.9869873556958552, 'weighted_recall': 0.987517760053603, 'weighted_f1': 0.9872309312662282}, 4342.897238116)
2026-09-05 09:05:50,784 - INFO - configure_evaluate: no clients selected, skipping evaluation
2026-09-05 09:05:50,785 - INFO - 
2026-09-05 09:05:50,785 - INFO - [ROUND 30]
2026-09-05 09:05:50,785 - INFO - configure_fit: strategy sampled 47 clients (out of 47)
2026-09-05 09:06:45,855 - INFO - aggregate_fit: received 47 results and 0 failures
2026-09-05 09:06:45,931 - INFO - [Round 30] tong hop 47 client (9257132 mau), train_loss=0.2080
2026-09-05 09:06:45,936 - INFO - [Round 30] luu checkpoint -> /kaggle/working/results_vanfed_iot_full_task0/checkpoints/round_030.pth
2026-09-05 09:08:20,347 - INFO - [Round 30] DST: packet=0.9744 physics=0.9872 hop nhat=0.9875 (+0.0131 so voi packet)
2026-09-05 09:08:20,347 - INFO - [Round 30] loss=0.1589 acc=0.9875 | micro P/R/F1=0.9875/0.9875/0.9875 | macro P/R/F1=0.7364/0.7296/0.7327 | weighted P/R/F1=0.9870/0.9875/0.9872
2026-09-05 09:08:20,638 - INFO - Luu /kaggle/working/results_vanfed_iot_full_task0/confusion_matrix_task0.csv
2026-09-05 09:08:20,639 - INFO - Luu /kaggle/working/results_vanfed_iot_full_task0/confusion_matrix_task0_normalized.csv
2026-09-05 09:08:21,473 - INFO - Luu /kaggle/working/results_vanfed_iot_full_task0/classification_report_task0.txt
              precision    recall  f1-score   support

     class_0     0.9995    0.9978    0.9986   2160225
     class_1     0.9294    0.9460    0.9377    328980
     class_2     0.0081    0.0058    0.0067      1557
     class_3     0.9969    0.9988    0.9978   1347913
     class_4     0.5027    0.4500    0.4749     40019
     class_5     0.9818    0.9793    0.9806     85258

    accuracy                         0.9875   3963952
   macro avg     0.7364    0.7296    0.7327   3963952
weighted avg     0.9870    0.9875    0.9872   3963952

2026-09-05 09:08:21,684 - INFO - Luu /kaggle/working/results_vanfed_iot_full_task0/confusion_matrix_task0.png
2026-09-05 09:08:21,685 - INFO - fit progress: (30, 0.15891924585900769, {'accuracy': 0.9875182646005805, 'micro_precision': 0.9875182646005805, 'micro_recall': 0.9875182646005805, 'micro_f1': 0.9875182646005805, 'macro_precision': 0.7363811977138156, 'macro_recall': 0.7296292120130189, 'macro_f1': 0.7327192566099879, 'weighted_precision': 0.9869879184949862, 'weighted_recall': 0.9875182646005805, 'weighted_f1': 0.9872315155898227}, 4493.797589312)
2026-09-05 09:08:21,685 - INFO - configure_evaluate: no clients selected, skipping evaluation
2026-09-05 09:08:21,685 - INFO - 
2026-09-05 09:08:21,685 - INFO - [SUMMARY]
2026-09-05 09:08:21,685 - INFO - Run finished 30 round(s) in 4493.80s
2026-09-05 09:08:21,689 - INFO - 	History (loss, centralized):
2026-09-05 09:08:21,689 - INFO - 		round 1: 1.4771758354892415
2026-09-05 09:08:21,689 - INFO - 		round 2: 0.5570217285397624
2026-09-05 09:08:21,689 - INFO - 		round 3: 0.29631585911039476
2026-09-05 09:08:21,689 - INFO - 		round 4: 0.2350862068085631
2026-09-05 09:08:21,689 - INFO - 		round 5: 0.22149491114618858
2026-09-05 09:08:21,689 - INFO - 		round 6: 0.22974079667228806
2026-09-05 09:08:21,689 - INFO - 		round 7: 0.21148640856393114
2026-09-05 09:08:21,689 - INFO - 		round 8: 0.18045633812704362
2026-09-05 09:08:21,690 - INFO - 		round 9: 0.1842094021426006
2026-09-05 09:08:21,690 - INFO - 		round 10: 0.1793798577994847
2026-09-05 09:08:21,690 - INFO - 		round 11: 0.149046072574748
2026-09-05 09:08:21,690 - INFO - 		round 12: 0.16644723734949246
2026-09-05 09:08:21,690 - INFO - 		round 13: 0.17343876359999671
2026-09-05 09:08:21,690 - INFO - 		round 14: 0.17342284434159433
2026-09-05 09:08:21,690 - INFO - 		round 15: 0.15381217711751372
2026-09-05 09:08:21,690 - INFO - 		round 16: 0.13911716412167904
2026-09-05 09:08:21,690 - INFO - 		round 17: 0.15239984449768854
2026-09-05 09:08:21,690 - INFO - 		round 18: 0.16874069601974703
2026-09-05 09:08:21,690 - INFO - 		round 19: 0.1541820564268788
2026-09-05 09:08:21,690 - INFO - 		round 20: 0.16002435482699762
2026-09-05 09:08:21,690 - INFO - 		round 21: 0.15500214029380605
2026-09-05 09:08:21,690 - INFO - 		round 22: 0.16285520818946528
2026-09-05 09:08:21,690 - INFO - 		round 23: 0.15274095876250138
2026-09-05 09:08:21,690 - INFO - 		round 24: 0.15836326699426845
2026-09-05 09:08:21,690 - INFO - 		round 25: 0.15100243201186833
2026-09-05 09:08:21,691 - INFO - 		round 26: 0.17025007589235286
2026-09-05 09:08:21,691 - INFO - 		round 27: 0.17088206264783035
2026-09-05 09:08:21,691 - INFO - 		round 28: 0.15334770721498847
2026-09-05 09:08:21,691 - INFO - 		round 29: 0.16218897754957606
2026-09-05 09:08:21,691 - INFO - 		round 30: 0.15891924585900769
2026-09-05 09:08:21,691 - INFO - 	History (metrics, distributed, fit):
2026-09-05 09:08:21,691 - INFO - 	{'num_clients': [(1, 47),
2026-09-05 09:08:21,691 - INFO - 	                 (2, 47),
2026-09-05 09:08:21,691 - INFO - 	                 (3, 47),
2026-09-05 09:08:21,691 - INFO - 	                 (4, 47),
2026-09-05 09:08:21,691 - INFO - 	                 (5, 47),
2026-09-05 09:08:21,691 - INFO - 	                 (6, 47),
2026-09-05 09:08:21,691 - INFO - 	                 (7, 47),
2026-09-05 09:08:21,691 - INFO - 	                 (8, 47),
2026-09-05 09:08:21,692 - INFO - 	                 (9, 47),
2026-09-05 09:08:21,692 - INFO - 	                 (10, 47),
2026-09-05 09:08:21,692 - INFO - 	                 (11, 47),
2026-09-05 09:08:21,692 - INFO - 	                 (12, 47),
2026-09-05 09:08:21,692 - INFO - 	                 (13, 47),
2026-09-05 09:08:21,692 - INFO - 	                 (14, 47),
2026-09-05 09:08:21,692 - INFO - 	                 (15, 47),
2026-09-05 09:08:21,692 - INFO - 	                 (16, 47),
2026-09-05 09:08:21,692 - INFO - 	                 (17, 47),
2026-09-05 09:08:21,692 - INFO - 	                 (18, 47),
2026-09-05 09:08:21,692 - INFO - 	                 (19, 47),
2026-09-05 09:08:21,692 - INFO - 	                 (20, 47),
2026-09-05 09:08:21,692 - INFO - 	                 (21, 47),
2026-09-05 09:08:21,692 - INFO - 	                 (22, 47),
2026-09-05 09:08:21,692 - INFO - 	                 (23, 47),
2026-09-05 09:08:21,693 - INFO - 	                 (24, 47),
2026-09-05 09:08:21,693 - INFO - 	                 (25, 47),
2026-09-05 09:08:21,693 - INFO - 	                 (26, 47),
2026-09-05 09:08:21,693 - INFO - 	                 (27, 47),
2026-09-05 09:08:21,693 - INFO - 	                 (28, 47),
2026-09-05 09:08:21,693 - INFO - 	                 (29, 47),
2026-09-05 09:08:21,693 - INFO - 	                 (30, 47)],
2026-09-05 09:08:21,693 - INFO - 	 'train_loss': [(1, 0.20918749496542896),
2026-09-05 09:08:21,693 - INFO - 	                (2, 0.0728903052330398),
2026-09-05 09:08:21,693 - INFO - 	                (3, 0.06508144098145989),
2026-09-05 09:08:21,693 - INFO - 	                (4, 0.06669700755517136),
2026-09-05 09:08:21,693 - INFO - 	                (5, 0.06951029919491958),
2026-09-05 09:08:21,693 - INFO - 	                (6, 0.0744721642109231),
2026-09-05 09:08:21,693 - INFO - 	                (7, 0.07774814174925194),
2026-09-05 09:08:21,694 - INFO - 	                (8, 0.08334360902526346),
2026-09-05 09:08:21,694 - INFO - 	                (9, 0.08506643894352396),
2026-09-05 09:08:21,694 - INFO - 	                (10, 0.09434906766910615),
2026-09-05 09:08:21,694 - INFO - 	                (11, 0.09692391714596293),
2026-09-05 09:08:21,694 - INFO - 	                (12, 0.10080288201785932),
2026-09-05 09:08:21,694 - INFO - 	                (13, 0.10673909222658476),
2026-09-05 09:08:21,694 - INFO - 	                (14, 0.11694112540818935),
2026-09-05 09:08:21,694 - INFO - 	                (15, 0.12610991407456762),
2026-09-05 09:08:21,694 - INFO - 	                (16, 0.1251607957304759),
2026-09-05 09:08:21,694 - INFO - 	                (17, 0.12856062710641508),
2026-09-05 09:08:21,694 - INFO - 	                (18, 0.13530022943304898),
2026-09-05 09:08:21,694 - INFO - 	                (19, 0.14851109065902052),
2026-09-05 09:08:21,694 - INFO - 	                (20, 0.15495717778900353),
2026-09-05 09:08:21,694 - INFO - 	                (21, 0.1654574668486597),
2026-09-05 09:08:21,694 - INFO - 	                (22, 0.16771965459650467),
2026-09-05 09:08:21,694 - INFO - 	                (23, 0.18559696524377006),
2026-09-05 09:08:21,694 - INFO - 	                (24, 0.1777562359894354),
2026-09-05 09:08:21,695 - INFO - 	                (25, 0.17912596079808338),
2026-09-05 09:08:21,695 - INFO - 	                (26, 0.18188844626637565),
2026-09-05 09:08:21,695 - INFO - 	                (27, 0.1918229860496815),
2026-09-05 09:08:21,695 - INFO - 	                (28, 0.20573247451969917),
2026-09-05 09:08:21,695 - INFO - 	                (29, 0.20208773139838968),
2026-09-05 09:08:21,695 - INFO - 	                (30, 0.20801350476628397)]}
2026-09-05 09:08:21,695 - INFO - 	History (metrics, centralized):
2026-09-05 09:08:21,695 - INFO - 	{'accuracy': [(1, 0.9868638671709445),
2026-09-05 09:08:21,695 - INFO - 	              (2, 0.9870066539655374),
2026-09-05 09:08:21,695 - INFO - 	              (3, 0.9873184639975459),
2026-09-05 09:08:21,695 - INFO - 	              (4, 0.9874249234097688),
2026-09-05 09:08:21,695 - INFO - 	              (5, 0.9874120574618461),
2026-09-05 09:08:21,695 - INFO - 	              (6, 0.9874266893241896),
2026-09-05 09:08:21,696 - INFO - 	              (7, 0.9874567098693425),
2026-09-05 09:08:21,696 - INFO - 	              (8, 0.9874620076126048),
2026-09-05 09:08:21,696 - INFO - 	              (9, 0.987467305355867),
2026-09-05 09:08:21,696 - INFO - 	              (10, 0.9874668008088897),
2026-09-05 09:08:21,696 - INFO - 	              (11, 0.9874748735605274),
2026-09-05 09:08:21,696 - INFO - 	              (12, 0.9874718462786634),
2026-09-05 09:08:21,696 - INFO - 	              (13, 0.9874799190303011),
2026-09-05 09:08:21,696 - INFO - 	              (14, 0.9874811803977445),
2026-09-05 09:08:21,696 - INFO - 	              (15, 0.9874824417651878),
2026-09-05 09:08:21,696 - INFO - 	              (16, 0.9874789099363463),
2026-09-05 09:08:21,696 - INFO - 	              (17, 0.9874945508926445),
2026-09-05 09:08:21,696 - INFO - 	              (18, 0.9874859735940293),
2026-09-05 09:08:21,696 - INFO - 	              (19, 0.987491019063803),
2026-09-05 09:08:21,696 - INFO - 	              (20, 0.9874960645335766),
2026-09-05 09:08:21,696 - INFO - 	              (21, 0.9874960645335766),
2026-09-05 09:08:21,696 - INFO - 	              (22, 0.9875033804647483),
2026-09-05 09:08:21,697 - INFO - 	              (23, 0.9875159941391823),
2026-09-05 09:08:21,697 - INFO - 	              (24, 0.9875139759512729),
2026-09-05 09:08:21,697 - INFO - 	              (25, 0.9875003531828842),
2026-09-05 09:08:21,697 - INFO - 	              (26, 0.9875137236777842),
2026-09-05 09:08:21,697 - INFO - 	              (27, 0.9875172555066257),
2026-09-05 09:08:21,697 - INFO - 	              (28, 0.9875180123270918),
2026-09-05 09:08:21,697 - INFO - 	              (29, 0.987517760053603),
2026-09-05 09:08:21,697 - INFO - 	              (30, 0.9875182646005805)],
2026-09-05 09:08:21,697 - INFO - 	 'macro_f1': [(1, 0.7252323872909571),
2026-09-05 09:08:21,697 - INFO - 	              (2, 0.7264032987976833),
2026-09-05 09:08:21,697 - INFO - 	              (3, 0.7304487784786807),
2026-09-05 09:08:21,697 - INFO - 	              (4, 0.731939257434966),
2026-09-05 09:08:21,697 - INFO - 	              (5, 0.7317313563224092),
2026-09-05 09:08:21,697 - INFO - 	              (6, 0.7319230323407293),
2026-09-05 09:08:21,697 - INFO - 	              (7, 0.7323165453701413),
2026-09-05 09:08:21,698 - INFO - 	              (8, 0.7324000637569617),
2026-09-05 09:08:21,698 - INFO - 	              (9, 0.7324541265480606),
2026-09-05 09:08:21,698 - INFO - 	              (10, 0.7324169590411046),
2026-09-05 09:08:21,698 - INFO - 	              (11, 0.7324758788345936),
2026-09-05 09:08:21,698 - INFO - 	              (12, 0.7324864013282868),
2026-09-05 09:08:21,698 - INFO - 	              (13, 0.7325661284789181),
2026-09-05 09:08:21,698 - INFO - 	              (14, 0.7325618029830486),
2026-09-05 09:08:21,698 - INFO - 	              (15, 0.732559635047802),
2026-09-05 09:08:21,698 - INFO - 	              (16, 0.7324722181211527),
2026-09-05 09:08:21,698 - INFO - 	              (17, 0.7326678595582772),
2026-09-05 09:08:21,698 - INFO - 	              (18, 0.7325779119287207),
2026-09-05 09:08:21,698 - INFO - 	              (19, 0.7326082501323011),
2026-09-05 09:08:21,698 - INFO - 	              (20, 0.7326100278596),
2026-09-05 09:08:21,698 - INFO - 	              (21, 0.7325940284643714),
2026-09-05 09:08:21,698 - INFO - 	              (22, 0.7326897757576777),
2026-09-05 09:08:21,699 - INFO - 	              (23, 0.7327230435226731),
2026-09-05 09:08:21,699 - INFO - 	              (24, 0.7326706670621244),
2026-09-05 09:08:21,699 - INFO - 	              (25, 0.7326420035642532),
2026-09-05 09:08:21,699 - INFO - 	              (26, 0.7326588940966204),
2026-09-05 09:08:21,699 - INFO - 	              (27, 0.7327100241320516),
2026-09-05 09:08:21,699 - INFO - 	              (28, 0.7327106301299814),
2026-09-05 09:08:21,699 - INFO - 	              (29, 0.7328327020000884),
2026-09-05 09:08:21,699 - INFO - 	              (30, 0.7327192566099879)],
2026-09-05 09:08:21,699 - INFO - 	 'macro_precision': [(1, 0.7302469802257875),
2026-09-05 09:08:21,699 - INFO - 	                     (2, 0.7311581917375025),
2026-09-05 09:08:21,699 - INFO - 	                     (3, 0.7345952912362352),
2026-09-05 09:08:21,699 - INFO - 	                     (4, 0.7357799895011468),
2026-09-05 09:08:21,699 - INFO - 	                     (5, 0.7356176708144281),
2026-09-05 09:08:21,699 - INFO - 	                     (6, 0.7357662120380768),
2026-09-05 09:08:21,699 - INFO - 	                     (7, 0.736075940839319),
2026-09-05 09:08:21,699 - INFO - 	                     (8, 0.736136148432284),
2026-09-05 09:08:21,700 - INFO - 	                     (9, 0.7361683111943523),
2026-09-05 09:08:21,700 - INFO - 	                     (10, 0.7361443092569134),
2026-09-05 09:08:21,700 - INFO - 	                     (11, 0.7361883067956055),
2026-09-05 09:08:21,700 - INFO - 	                     (12, 0.7361952186730881),
2026-09-05 09:08:21,700 - INFO - 	                     (13, 0.7362537471931864),
2026-09-05 09:08:21,700 - INFO - 	                     (14, 0.736251086800391),
2026-09-05 09:08:21,700 - INFO - 	                     (15, 0.7362532414087641),
2026-09-05 09:08:21,700 - INFO - 	                     (16, 0.7362063023424471),
2026-09-05 09:08:21,700 - INFO - 	                     (17, 0.7363383986575638),
2026-09-05 09:08:21,700 - INFO - 	                     (18, 0.7362715232121234),
2026-09-05 09:08:21,700 - INFO - 	                     (19, 0.7362971233684016),
2026-09-05 09:08:21,700 - INFO - 	                     (20, 0.7362995491543615),
2026-09-05 09:08:21,700 - INFO - 	                     (21, 0.7362860197134656),
2026-09-05 09:08:21,700 - INFO - 	                     (22, 0.7363597990278112),
2026-09-05 09:08:21,700 - INFO - 	                     (23, 0.7363864544333429),
2026-09-05 09:08:21,700 - INFO - 	                     (24, 0.7363479931261171),
2026-09-05 09:08:21,700 - INFO - 	                     (25, 0.7363194735051374),
2026-09-05 09:08:21,700 - INFO - 	                     (26, 0.7363376547205238),
2026-09-05 09:08:21,701 - INFO - 	                     (27, 0.7363768775710581),
2026-09-05 09:08:21,701 - INFO - 	                     (28, 0.7363791570422541),
2026-09-05 09:08:21,701 - INFO - 	                     (29, 0.7365230654762286),
2026-09-05 09:08:21,701 - INFO - 	                     (30, 0.7363811977138156)],
2026-09-05 09:08:21,701 - INFO - 	 'macro_recall': [(1, 0.7212582539773288),
2026-09-05 09:08:21,701 - INFO - 	                  (2, 0.7226075408218979),
2026-09-05 09:08:21,701 - INFO - 	                  (3, 0.727025214440114),
2026-09-05 09:08:21,701 - INFO - 	                  (4, 0.7287232318903066),
2026-09-05 09:08:21,701 - INFO - 	                  (5, 0.7284839843793028),
2026-09-05 09:08:21,701 - INFO - 	                  (6, 0.728705574588327),
2026-09-05 09:08:21,701 - INFO - 	                  (7, 0.729156592585308),
2026-09-05 09:08:21,701 - INFO - 	                  (8, 0.7292572190738783),
2026-09-05 09:08:21,701 - INFO - 	                  (9, 0.7293270854908048),
2026-09-05 09:08:21,701 - INFO - 	                  (10, 0.7292807271592757),
2026-09-05 09:08:21,701 - INFO - 	                  (11, 0.729350314469437),
2026-09-05 09:08:21,701 - INFO - 	                  (12, 0.7293628923787061),
2026-09-05 09:08:21,701 - INFO - 	                  (13, 0.7294579263505759),
2026-09-05 09:08:21,701 - INFO - 	                  (14, 0.7294527138246156),
2026-09-05 09:08:21,701 - INFO - 	                  (15, 0.7294475012986553),
2026-09-05 09:08:21,702 - INFO - 	                  (16, 0.7293306665080307),
2026-09-05 09:08:21,702 - INFO - 	                  (17, 0.7295715235338104),
2026-09-05 09:08:21,702 - INFO - 	                  (18, 0.7294653610409383),
2026-09-05 09:08:21,702 - INFO - 	                  (19, 0.7294985856075377),
2026-09-05 09:08:21,702 - INFO - 	                  (20, 0.7294996991927268),
2026-09-05 09:08:21,702 - INFO - 	                  (21, 0.7294824276029832),
2026-09-05 09:08:21,702 - INFO - 	                  (22, 0.7295935802614119),
2026-09-05 09:08:21,702 - INFO - 	                  (23, 0.7296315864064843),
2026-09-05 09:08:21,702 - INFO - 	                  (24, 0.7295690668406393),
2026-09-05 09:08:21,702 - INFO - 	                  (25, 0.729541394162463),
2026-09-05 09:08:21,702 - INFO - 	                  (26, 0.7295562976162812),
2026-09-05 09:08:21,702 - INFO - 	                  (27, 0.7296160514887928),
2026-09-05 09:08:21,702 - INFO - 	                  (28, 0.7296152641757611),
2026-09-05 09:08:21,702 - INFO - 	                  (29, 0.7297217238665382),
2026-09-05 09:08:21,702 - INFO - 	                  (30, 0.7296292120130189)],
2026-09-05 09:08:21,703 - INFO - 	 'micro_f1': [(1, 0.9868638671709445),
2026-09-05 09:08:21,703 - INFO - 	              (2, 0.9870066539655374),
2026-09-05 09:08:21,703 - INFO - 	              (3, 0.9873184639975459),
2026-09-05 09:08:21,703 - INFO - 	              (4, 0.9874249234097688),
2026-09-05 09:08:21,703 - INFO - 	              (5, 0.9874120574618461),
2026-09-05 09:08:21,703 - INFO - 	              (6, 0.9874266893241896),
2026-09-05 09:08:21,703 - INFO - 	              (7, 0.9874567098693425),
2026-09-05 09:08:21,703 - INFO - 	              (8, 0.9874620076126048),
2026-09-05 09:08:21,703 - INFO - 	              (9, 0.987467305355867),
2026-09-05 09:08:21,703 - INFO - 	              (10, 0.9874668008088897),
2026-09-05 09:08:21,703 - INFO - 	              (11, 0.9874748735605274),
2026-09-05 09:08:21,703 - INFO - 	              (12, 0.9874718462786634),
2026-09-05 09:08:21,703 - INFO - 	              (13, 0.9874799190303011),
2026-09-05 09:08:21,703 - INFO - 	              (14, 0.9874811803977445),
2026-09-05 09:08:21,703 - INFO - 	              (15, 0.9874824417651878),
2026-09-05 09:08:21,703 - INFO - 	              (16, 0.9874789099363463),
2026-09-05 09:08:21,703 - INFO - 	              (17, 0.9874945508926445),
2026-09-05 09:08:21,704 - INFO - 	              (18, 0.9874859735940293),
2026-09-05 09:08:21,704 - INFO - 	              (19, 0.987491019063803),
2026-09-05 09:08:21,704 - INFO - 	              (20, 0.9874960645335766),
2026-09-05 09:08:21,704 - INFO - 	              (21, 0.9874960645335766),
2026-09-05 09:08:21,704 - INFO - 	              (22, 0.9875033804647483),
2026-09-05 09:08:21,704 - INFO - 	              (23, 0.9875159941391823),
2026-09-05 09:08:21,704 - INFO - 	              (24, 0.9875139759512729),
2026-09-05 09:08:21,704 - INFO - 	              (25, 0.9875003531828842),
2026-09-05 09:08:21,704 - INFO - 	              (26, 0.9875137236777842),
2026-09-05 09:08:21,704 - INFO - 	              (27, 0.9875172555066257),
2026-09-05 09:08:21,704 - INFO - 	              (28, 0.9875180123270918),
2026-09-05 09:08:21,704 - INFO - 	              (29, 0.987517760053603),
2026-09-05 09:08:21,704 - INFO - 	              (30, 0.9875182646005805)],
2026-09-05 09:08:21,704 - INFO - 	 'micro_precision': [(1, 0.9868638671709445),
2026-09-05 09:08:21,704 - INFO - 	                     (2, 0.9870066539655374),
2026-09-05 09:08:21,704 - INFO - 	                     (3, 0.9873184639975459),
2026-09-05 09:08:21,704 - INFO - 	                     (4, 0.9874249234097688),
2026-09-05 09:08:21,705 - INFO - 	                     (5, 0.9874120574618461),
2026-09-05 09:08:21,705 - INFO - 	                     (6, 0.9874266893241896),
2026-09-05 09:08:21,705 - INFO - 	                     (7, 0.9874567098693425),
2026-09-05 09:08:21,705 - INFO - 	                     (8, 0.9874620076126048),
2026-09-05 09:08:21,705 - INFO - 	                     (9, 0.987467305355867),
2026-09-05 09:08:21,705 - INFO - 	                     (10, 0.9874668008088897),
2026-09-05 09:08:21,705 - INFO - 	                     (11, 0.9874748735605274),
2026-09-05 09:08:21,705 - INFO - 	                     (12, 0.9874718462786634),
2026-09-05 09:08:21,705 - INFO - 	                     (13, 0.9874799190303011),
2026-09-05 09:08:21,705 - INFO - 	                     (14, 0.9874811803977445),
2026-09-05 09:08:21,705 - INFO - 	                     (15, 0.9874824417651878),
2026-09-05 09:08:21,705 - INFO - 	                     (16, 0.9874789099363463),
2026-09-05 09:08:21,706 - INFO - 	                     (17, 0.9874945508926445),
2026-09-05 09:08:21,706 - INFO - 	                     (18, 0.9874859735940293),
2026-09-05 09:08:21,706 - INFO - 	                     (19, 0.987491019063803),
2026-09-05 09:08:21,706 - INFO - 	                     (20, 0.9874960645335766),
2026-09-05 09:08:21,706 - INFO - 	                     (21, 0.9874960645335766),
2026-09-05 09:08:21,706 - INFO - 	                     (22, 0.9875033804647483),
2026-09-05 09:08:21,706 - INFO - 	                     (23, 0.9875159941391823),
2026-09-05 09:08:21,706 - INFO - 	                     (24, 0.9875139759512729),
2026-09-05 09:08:21,706 - INFO - 	                     (25, 0.9875003531828842),
2026-09-05 09:08:21,706 - INFO - 	                     (26, 0.9875137236777842),
2026-09-05 09:08:21,706 - INFO - 	                     (27, 0.9875172555066257),
2026-09-05 09:08:21,706 - INFO - 	                     (28, 0.9875180123270918),
2026-09-05 09:08:21,706 - INFO - 	                     (29, 0.987517760053603),
2026-09-05 09:08:21,706 - INFO - 	                     (30, 0.9875182646005805)],
2026-09-05 09:08:21,706 - INFO - 	 'micro_recall': [(1, 0.9868638671709445),
2026-09-05 09:08:21,706 - INFO - 	                  (2, 0.9870066539655374),
2026-09-05 09:08:21,707 - INFO - 	                  (3, 0.9873184639975459),
2026-09-05 09:08:21,707 - INFO - 	                  (4, 0.9874249234097688),
2026-09-05 09:08:21,707 - INFO - 	                  (5, 0.9874120574618461),
2026-09-05 09:08:21,707 - INFO - 	                  (6, 0.9874266893241896),
2026-09-05 09:08:21,707 - INFO - 	                  (7, 0.9874567098693425),
2026-09-05 09:08:21,707 - INFO - 	                  (8, 0.9874620076126048),
2026-09-05 09:08:21,707 - INFO - 	                  (9, 0.987467305355867),
2026-09-05 09:08:21,707 - INFO - 	                  (10, 0.9874668008088897),
2026-09-05 09:08:21,707 - INFO - 	                  (11, 0.9874748735605274),
2026-09-05 09:08:21,707 - INFO - 	                  (12, 0.9874718462786634),
2026-09-05 09:08:21,707 - INFO - 	                  (13, 0.9874799190303011),
2026-09-05 09:08:21,707 - INFO - 	                  (14, 0.9874811803977445),
2026-09-05 09:08:21,707 - INFO - 	                  (15, 0.9874824417651878),
2026-09-05 09:08:21,707 - INFO - 	                  (16, 0.9874789099363463),
2026-09-05 09:08:21,707 - INFO - 	                  (17, 0.9874945508926445),
2026-09-05 09:08:21,707 - INFO - 	                  (18, 0.9874859735940293),
2026-09-05 09:08:21,708 - INFO - 	                  (19, 0.987491019063803),
2026-09-05 09:08:21,708 - INFO - 	                  (20, 0.9874960645335766),
2026-09-05 09:08:21,708 - INFO - 	                  (21, 0.9874960645335766),
2026-09-05 09:08:21,708 - INFO - 	                  (22, 0.9875033804647483),
2026-09-05 09:08:21,708 - INFO - 	                  (23, 0.9875159941391823),
2026-09-05 09:08:21,708 - INFO - 	                  (24, 0.9875139759512729),
2026-09-05 09:08:21,708 - INFO - 	                  (25, 0.9875003531828842),
2026-09-05 09:08:21,708 - INFO - 	                  (26, 0.9875137236777842),
2026-09-05 09:08:21,708 - INFO - 	                  (27, 0.9875172555066257),
2026-09-05 09:08:21,708 - INFO - 	                  (28, 0.9875180123270918),
2026-09-05 09:08:21,708 - INFO - 	                  (29, 0.987517760053603),
2026-09-05 09:08:21,708 - INFO - 	                  (30, 0.9875182646005805)],
2026-09-05 09:08:21,708 - INFO - 	 'weighted_f1': [(1, 0.9864435740699863),
2026-09-05 09:08:21,708 - INFO - 	                 (2, 0.9866101433258021),
2026-09-05 09:08:21,708 - INFO - 	                 (3, 0.9869888435400082),
2026-09-05 09:08:21,708 - INFO - 	                 (4, 0.9871228806308185),
2026-09-05 09:08:21,709 - INFO - 	                 (5, 0.9871060367146614),
2026-09-05 09:08:21,709 - INFO - 	                 (6, 0.9871244120966594),
2026-09-05 09:08:21,709 - INFO - 	                 (7, 0.9871618941099446),
2026-09-05 09:08:21,709 - INFO - 	                 (8, 0.9871689763342083),
2026-09-05 09:08:21,709 - INFO - 	                 (9, 0.987175906847513),
2026-09-05 09:08:21,709 - INFO - 	                 (10, 0.987174424189526),
2026-09-05 09:08:21,709 - INFO - 	                 (11, 0.9871837373440349),
2026-09-05 09:08:21,709 - INFO - 	                 (12, 0.9871810230321507),
2026-09-05 09:08:21,709 - INFO - 	                 (13, 0.987190802735467),
2026-09-05 09:08:21,709 - INFO - 	                 (14, 0.9871919116205269),
2026-09-05 09:08:21,709 - INFO - 	                 (15, 0.9871928864163262),
2026-09-05 09:08:21,709 - INFO - 	                 (16, 0.9871864920210593),
2026-09-05 09:08:21,709 - INFO - 	                 (17, 0.9872070874142246),
2026-09-05 09:08:21,709 - INFO - 	                 (18, 0.9871965774689079),
2026-09-05 09:08:21,709 - INFO - 	                 (19, 0.9872021746837818),
2026-09-05 09:08:21,709 - INFO - 	                 (20, 0.98720721136445),
2026-09-05 09:08:21,709 - INFO - 	                 (21, 0.9872069005724197),
2026-09-05 09:08:21,710 - INFO - 	                 (22, 0.9872161030546411),
2026-09-05 09:08:21,710 - INFO - 	                 (23, 0.9872292687999173),
2026-09-05 09:08:21,710 - INFO - 	                 (24, 0.9872261839808316),
2026-09-05 09:08:21,710 - INFO - 	                 (25, 0.987212215195628),
2026-09-05 09:08:21,710 - INFO - 	                 (26, 0.9872257835396719),
2026-09-05 09:08:21,710 - INFO - 	                 (27, 0.9872302548335123),
2026-09-05 09:08:21,710 - INFO - 	                 (28, 0.9872309677413145),
2026-09-05 09:08:21,710 - INFO - 	                 (29, 0.9872309312662282),
2026-09-05 09:08:21,710 - INFO - 	                 (30, 0.9872315155898227)],
2026-09-05 09:08:21,710 - INFO - 	 'weighted_precision': [(1, 0.9861004662271246),
2026-09-05 09:08:21,710 - INFO - 	                        (2, 0.986286076807774),
2026-09-05 09:08:21,710 - INFO - 	                        (3, 0.986713827853619),
2026-09-05 09:08:21,710 - INFO - 	                        (4, 0.9868679890272306),
2026-09-05 09:08:21,710 - INFO - 	                        (5, 0.9868482633824424),
2026-09-05 09:08:21,710 - INFO - 	                        (6, 0.9868693908770739),
2026-09-05 09:08:21,710 - INFO - 	                        (7, 0.9869123259702312),
2026-09-05 09:08:21,711 - INFO - 	                        (8, 0.986920743505788),
2026-09-05 09:08:21,711 - INFO - 	                        (9, 0.9869288544710687),
2026-09-05 09:08:21,711 - INFO - 	                        (10, 0.9869267249852398),
2026-09-05 09:08:21,711 - INFO - 	                        (11, 0.986936964982179),
2026-09-05 09:08:21,711 - INFO - 	                        (12, 0.986934417593977),
2026-09-05 09:08:21,711 - INFO - 	                        (13, 0.9869454611830895),
2026-09-05 09:08:21,711 - INFO - 	                        (14, 0.9869464944186143),
2026-09-05 09:08:21,711 - INFO - 	                        (15, 0.9869472867526959),
2026-09-05 09:08:21,711 - INFO - 	                        (16, 0.9869388770163222),
2026-09-05 09:08:21,711 - INFO - 	                        (17, 0.9869630096897604),
2026-09-05 09:08:21,711 - INFO - 	                        (18, 0.9869510973589039),
2026-09-05 09:08:21,711 - INFO - 	                        (19, 0.9869571021432865),
2026-09-05 09:08:21,711 - INFO - 	                        (20, 0.9869621066281963),
2026-09-05 09:08:21,711 - INFO - 	                        (21, 0.9869615874457667),
2026-09-05 09:08:21,711 - INFO - 	                        (22, 0.9869721760644669),
2026-09-05 09:08:21,711 - INFO - 	                        (23, 0.9869857166606602),
2026-09-05 09:08:21,712 - INFO - 	                        (24, 0.9869818530628524),
2026-09-05 09:08:21,712 - INFO - 	                        (25, 0.9869676637834527),
2026-09-05 09:08:21,712 - INFO - 	                        (26, 0.9869813354858724),
2026-09-05 09:08:21,712 - INFO - 	                        (27, 0.9869864898349865),
2026-09-05 09:08:21,712 - INFO - 	                        (28, 0.986987184725648),
2026-09-05 09:08:21,712 - INFO - 	                        (29, 0.9869873556958552),
2026-09-05 09:08:21,712 - INFO - 	                        (30, 0.9869879184949862)],
2026-09-05 09:08:21,712 - INFO - 	 'weighted_recall': [(1, 0.9868638671709445),
2026-09-05 09:08:21,712 - INFO - 	                     (2, 0.9870066539655374),
2026-09-05 09:08:21,712 - INFO - 	                     (3, 0.9873184639975459),
2026-09-05 09:08:21,712 - INFO - 	                     (4, 0.9874249234097688),
2026-09-05 09:08:21,712 - INFO - 	                     (5, 0.9874120574618461),
2026-09-05 09:08:21,712 - INFO - 	                     (6, 0.9874266893241896),
2026-09-05 09:08:21,712 - INFO - 	                     (7, 0.9874567098693425),
2026-09-05 09:08:21,712 - INFO - 	                     (8, 0.9874620076126048),
2026-09-05 09:08:21,713 - INFO - 	                     (9, 0.987467305355867),
2026-09-05 09:08:21,713 - INFO - 	                     (10, 0.9874668008088897),
2026-09-05 09:08:21,713 - INFO - 	                     (11, 0.9874748735605274),
2026-09-05 09:08:21,713 - INFO - 	                     (12, 0.9874718462786634),
2026-09-05 09:08:21,713 - INFO - 	                     (13, 0.9874799190303011),
2026-09-05 09:08:21,713 - INFO - 	                     (14, 0.9874811803977445),
2026-09-05 09:08:21,713 - INFO - 	                     (15, 0.9874824417651878),
2026-09-05 09:08:21,713 - INFO - 	                     (16, 0.9874789099363463),
2026-09-05 09:08:21,713 - INFO - 	                     (17, 0.9874945508926445),
2026-09-05 09:08:21,713 - INFO - 	                     (18, 0.9874859735940293),
2026-09-05 09:08:21,713 - INFO - 	                     (19, 0.987491019063803),
2026-09-05 09:08:21,713 - INFO - 	                     (20, 0.9874960645335766),
2026-09-05 09:08:21,713 - INFO - 	                     (21, 0.9874960645335766),
2026-09-05 09:08:21,713 - INFO - 	                     (22, 0.9875033804647483),
2026-09-05 09:08:21,713 - INFO - 	                     (23, 0.9875159941391823),
2026-09-05 09:08:21,713 - INFO - 	                     (24, 0.9875139759512729),
2026-09-05 09:08:21,713 - INFO - 	                     (25, 0.9875003531828842),
2026-09-05 09:08:21,713 - INFO - 	                     (26, 0.9875137236777842),
2026-09-05 09:08:21,714 - INFO - 	                     (27, 0.9875172555066257),
2026-09-05 09:08:21,714 - INFO - 	                     (28, 0.9875180123270918),
2026-09-05 09:08:21,714 - INFO - 	                     (29, 0.987517760053603),
2026-09-05 09:08:21,714 - INFO - 	                     (30, 0.9875182646005805)]}
2026-09-05 09:08:21,714 - INFO - 
2026-09-05 09:08:21,718 - INFO - [task 0] danh gia tren TOAN BO tap global test (khong lay mau) — buoc nay cham, chi chay 1 lan/task
2026-09-05 09:08:21,724 - INFO - Nap global test: /kaggle/input/datasets/tongxuanvu/iot100client/100client/global_test_data.pt
2026-09-05 09:08:22,820 - INFO - Global test goc: n=14002687
2026-09-05 09:08:23,472 - INFO - Task 0: loc ve lop 0-5 -> n=3963952
2026-09-05 09:08:23,472 - INFO - Danh gia moi round tren n=3963952 mau (dtype=float32)
2026-09-05 09:09:59,348 - INFO - TOAN BO TAP TEST | [Round 30] loss=0.1589 acc=0.9875 | micro P/R/F1=0.9875/0.9875/0.9875 | macro P/R/F1=0.7364/0.7296/0.7327 | weighted P/R/F1=0.9870/0.9875/0.9872
2026-09-05 09:09:59,635 - INFO - Luu /kaggle/working/results_vanfed_iot_full_task0/confusion_matrix_FULLTEST_task0.csv
2026-09-05 09:09:59,636 - INFO - Luu /kaggle/working/results_vanfed_iot_full_task0/confusion_matrix_FULLTEST_task0_normalized.csv
2026-09-05 09:10:00,466 - INFO - Luu /kaggle/working/results_vanfed_iot_full_task0/classification_report_FULLTEST_task0.txt
              precision    recall  f1-score   support

     class_0     0.9995    0.9978    0.9986   2160225
     class_1     0.9294    0.9460    0.9377    328980
     class_2     0.0081    0.0058    0.0067      1557
     class_3     0.9969    0.9988    0.9978   1347913
     class_4     0.5027    0.4500    0.4749     40019
     class_5     0.9818    0.9793    0.9806     85258

    accuracy                         0.9875   3963952
   macro avg     0.7364    0.7296    0.7327   3963952
weighted avg     0.9870    0.9875    0.9872   3963952

2026-09-05 09:10:00,670 - INFO - Luu /kaggle/working/results_vanfed_iot_full_task0/confusion_matrix_FULLTEST_task0.png
2026-09-05 09:10:00,672 - INFO - Xong sau 233.3 phut. Ket qua: /kaggle/working/results_vanfed_iot_full_task0
2026-09-05 09:10:00,672 - INFO -   classification_report_FULLTEST_task0.txt
2026-09-05 09:10:00,673 - INFO -   classification_report_task0.txt
2026-09-05 09:10:00,673 - INFO -   confusion_matrix_FULLTEST_task0.csv
2026-09-05 09:10:00,673 - INFO -   confusion_matrix_FULLTEST_task0.png
2026-09-05 09:10:00,673 - INFO -   confusion_matrix_FULLTEST_task0_normalized.csv
2026-09-05 09:10:00,673 - INFO -   confusion_matrix_task0.csv
2026-09-05 09:10:00,673 - INFO -   confusion_matrix_task0.png
2026-09-05 09:10:00,673 - INFO -   confusion_matrix_task0_normalized.csv
2026-09-05 09:10:00,673 - INFO -   metrics_FULLTEST.csv
2026-09-05 09:10:00,673 - INFO -   metrics_task0.csv
